2025-07-12 12:34:25|-1|-1|INFO|C:/Users/MeGaNeKo/Downloads/programming/golang/ProjectTemplateBE/cmd/start_rest.go|101|Registered routes:
2025-07-12 12:34:25|-1|-1|INFO|C:/Users/MeGaNeKo/Downloads/programming/golang/ProjectTemplateBE/cmd/start_rest.go|103|GET    /swagger/*                    

2025-07-12 12:34:25|-1|-1|INFO|C:/Users/MeGaNeKo/Downloads/programming/golang/ProjectTemplateBE/cmd/start_rest.go|103|GET    /items/                       

2025-07-12 12:34:25|-1|-1|INFO|C:/Users/MeGaNeKo/Downloads/programming/golang/ProjectTemplateBE/cmd/start_rest.go|103|POST   /items/                       

2025-07-12 12:34:25|-1|-1|INFO|C:/Users/MeGaNeKo/Downloads/programming/golang/ProjectTemplateBE/cmd/start_rest.go|103|GET    /items/{id:[0-9]+}            

2025-07-12 12:34:25|-1|-1|INFO|C:/Users/MeGaNeKo/Downloads/programming/golang/ProjectTemplateBE/cmd/start_rest.go|103|PUT    /items/{id:[0-9]+}            

2025-07-12 12:34:25|-1|-1|INFO|C:/Users/MeGaNeKo/Downloads/programming/golang/ProjectTemplateBE/cmd/start_rest.go|103|DELETE /items/{id:[0-9]+}            

2025-07-12 12:34:25|-1|-1|INFO|C:/Users/MeGaNeKo/Downloads/programming/golang/ProjectTemplateBE/cmd/start_rest.go|103|GET    /system/crash                 

2025-07-12 12:34:25|-1|-1|INFO|C:/Users/MeGaNeKo/Downloads/programming/golang/ProjectTemplateBE/cmd/start_rest.go|103|GET    /system/echo                  

2025-07-12 12:34:25|-1|-1|INFO|C:/Users/MeGaNeKo/Downloads/programming/golang/ProjectTemplateBE/cmd/start_rest.go|103|GET    /system/long                  

2025-07-12 12:34:25|-1|-1|INFO|C:/Users/MeGaNeKo/Downloads/programming/golang/ProjectTemplateBE/cmd/start_rest.go|162|Starting server at [::]:8080
2025-07-12 12:37:32|-1|-1|INFO|C:/Users/MeGaNeKo/Downloads/programming/golang/ProjectTemplateBE/cmd/start_rest.go|186|Shutting down the server (via panic or signal)
2025-07-12 12:37:32|-1|-1|INFO|C:/Users/MeGaNeKo/Downloads/programming/golang/ProjectTemplateBE/cmd/start_rest.go|56|Failed to start the server: accept tcp [::]:8080: use of closed network connection
2025-07-12 12:46:47|-1|-1|INFO|C:/Users/MeGaNeKo/Downloads/programming/golang/ProjectTemplateBE/cmd/start_rest.go|97|Registered routes:
2025-07-12 12:46:47|-1|-1|INFO|C:/Users/MeGaNeKo/Downloads/programming/golang/ProjectTemplateBE/cmd/start_rest.go|99|POST   /docs/*                       

2025-07-12 12:46:47|-1|-1|INFO|C:/Users/MeGaNeKo/Downloads/programming/golang/ProjectTemplateBE/cmd/start_rest.go|99|HEAD   /docs/*                       

2025-07-12 12:46:47|-1|-1|INFO|C:/Users/MeGaNeKo/Downloads/programming/golang/ProjectTemplateBE/cmd/start_rest.go|99|PATCH  /docs/*                       

2025-07-12 12:46:47|-1|-1|INFO|C:/Users/MeGaNeKo/Downloads/programming/golang/ProjectTemplateBE/cmd/start_rest.go|99|GET    /docs/*                       

2025-07-12 12:46:47|-1|-1|INFO|C:/Users/MeGaNeKo/Downloads/programming/golang/ProjectTemplateBE/cmd/start_rest.go|99|TRACE  /docs/*                       

2025-07-12 12:46:47|-1|-1|INFO|C:/Users/MeGaNeKo/Downloads/programming/golang/ProjectTemplateBE/cmd/start_rest.go|99|OPTIONS /docs/*                       

2025-07-12 12:46:47|-1|-1|INFO|C:/Users/MeGaNeKo/Downloads/programming/golang/ProjectTemplateBE/cmd/start_rest.go|99|PUT    /docs/*                       

2025-07-12 12:46:47|-1|-1|INFO|C:/Users/MeGaNeKo/Downloads/programming/golang/ProjectTemplateBE/cmd/start_rest.go|99|CONNECT /docs/*                       

2025-07-12 12:46:47|-1|-1|INFO|C:/Users/MeGaNeKo/Downloads/programming/golang/ProjectTemplateBE/cmd/start_rest.go|99|DELETE /docs/*                       

2025-07-12 12:46:47|-1|-1|INFO|C:/Users/MeGaNeKo/Downloads/programming/golang/ProjectTemplateBE/cmd/start_rest.go|99|GET    /items/                       

2025-07-12 12:46:47|-1|-1|INFO|C:/Users/MeGaNeKo/Downloads/programming/golang/ProjectTemplateBE/cmd/start_rest.go|99|POST   /items/                       

2025-07-12 12:46:47|-1|-1|INFO|C:/Users/MeGaNeKo/Downloads/programming/golang/ProjectTemplateBE/cmd/start_rest.go|99|GET    /items/{id:[0-9]+}            

2025-07-12 12:46:47|-1|-1|INFO|C:/Users/MeGaNeKo/Downloads/programming/golang/ProjectTemplateBE/cmd/start_rest.go|99|PUT    /items/{id:[0-9]+}            

2025-07-12 12:46:47|-1|-1|INFO|C:/Users/MeGaNeKo/Downloads/programming/golang/ProjectTemplateBE/cmd/start_rest.go|99|DELETE /items/{id:[0-9]+}            

2025-07-12 12:46:47|-1|-1|INFO|C:/Users/MeGaNeKo/Downloads/programming/golang/ProjectTemplateBE/cmd/start_rest.go|99|GET    /system/crash                 

2025-07-12 12:46:47|-1|-1|INFO|C:/Users/MeGaNeKo/Downloads/programming/golang/ProjectTemplateBE/cmd/start_rest.go|99|GET    /system/echo                  

2025-07-12 12:46:47|-1|-1|INFO|C:/Users/MeGaNeKo/Downloads/programming/golang/ProjectTemplateBE/cmd/start_rest.go|99|GET    /system/long                  

2025-07-12 12:46:47|-1|-1|INFO|C:/Users/MeGaNeKo/Downloads/programming/golang/ProjectTemplateBE/cmd/start_rest.go|158|Starting server at [::]:8080
2025-07-12 13:03:03|-1|-1|INFO|C:/Users/MeGaNeKo/Downloads/programming/golang/ProjectTemplateBE/cmd/start_rest.go|182|Shutting down the server (via panic or signal)
2025-07-12 13:03:03|-1|-1|INFO|C:/Users/MeGaNeKo/Downloads/programming/golang/ProjectTemplateBE/cmd/start_rest.go|55|Failed to start the server: accept tcp [::]:8080: use of closed network connection
2025-07-12 13:03:05|-1|-1|INFO|C:/Users/MeGaNeKo/Downloads/programming/golang/ProjectTemplateBE/cmd/start_rest.go|97|Registered routes:
2025-07-12 13:03:05|-1|-1|INFO|C:/Users/MeGaNeKo/Downloads/programming/golang/ProjectTemplateBE/cmd/start_rest.go|99|HEAD   /docs/*                       

2025-07-12 13:03:05|-1|-1|INFO|C:/Users/MeGaNeKo/Downloads/programming/golang/ProjectTemplateBE/cmd/start_rest.go|99|DELETE /docs/*                       

2025-07-12 13:03:05|-1|-1|INFO|C:/Users/MeGaNeKo/Downloads/programming/golang/ProjectTemplateBE/cmd/start_rest.go|99|PUT    /docs/*                       

2025-07-12 13:03:05|-1|-1|INFO|C:/Users/MeGaNeKo/Downloads/programming/golang/ProjectTemplateBE/cmd/start_rest.go|99|POST   /docs/*                       

2025-07-12 13:03:05|-1|-1|INFO|C:/Users/MeGaNeKo/Downloads/programming/golang/ProjectTemplateBE/cmd/start_rest.go|99|PATCH  /docs/*                       

2025-07-12 13:03:05|-1|-1|INFO|C:/Users/MeGaNeKo/Downloads/programming/golang/ProjectTemplateBE/cmd/start_rest.go|99|OPTIONS /docs/*                       

2025-07-12 13:03:05|-1|-1|INFO|C:/Users/MeGaNeKo/Downloads/programming/golang/ProjectTemplateBE/cmd/start_rest.go|99|GET    /docs/*                       

2025-07-12 13:03:05|-1|-1|INFO|C:/Users/MeGaNeKo/Downloads/programming/golang/ProjectTemplateBE/cmd/start_rest.go|99|CONNECT /docs/*                       

2025-07-12 13:03:05|-1|-1|INFO|C:/Users/MeGaNeKo/Downloads/programming/golang/ProjectTemplateBE/cmd/start_rest.go|99|TRACE  /docs/*                       

2025-07-12 13:03:05|-1|-1|INFO|C:/Users/MeGaNeKo/Downloads/programming/golang/ProjectTemplateBE/cmd/start_rest.go|99|GET    /items/                       

2025-07-12 13:03:05|-1|-1|INFO|C:/Users/MeGaNeKo/Downloads/programming/golang/ProjectTemplateBE/cmd/start_rest.go|99|POST   /items/                       

2025-07-12 13:03:05|-1|-1|INFO|C:/Users/MeGaNeKo/Downloads/programming/golang/ProjectTemplateBE/cmd/start_rest.go|99|GET    /items/{id:[0-9]+}            

2025-07-12 13:03:05|-1|-1|INFO|C:/Users/MeGaNeKo/Downloads/programming/golang/ProjectTemplateBE/cmd/start_rest.go|99|PUT    /items/{id:[0-9]+}            

2025-07-12 13:03:05|-1|-1|INFO|C:/Users/MeGaNeKo/Downloads/programming/golang/ProjectTemplateBE/cmd/start_rest.go|99|DELETE /items/{id:[0-9]+}            

2025-07-12 13:03:05|-1|-1|INFO|C:/Users/MeGaNeKo/Downloads/programming/golang/ProjectTemplateBE/cmd/start_rest.go|99|GET    /system/crash                 

2025-07-12 13:03:05|-1|-1|INFO|C:/Users/MeGaNeKo/Downloads/programming/golang/ProjectTemplateBE/cmd/start_rest.go|99|GET    /system/echo                  

2025-07-12 13:03:05|-1|-1|INFO|C:/Users/MeGaNeKo/Downloads/programming/golang/ProjectTemplateBE/cmd/start_rest.go|99|GET    /system/long                  

2025-07-12 13:03:05|-1|-1|INFO|C:/Users/MeGaNeKo/Downloads/programming/golang/ProjectTemplateBE/cmd/start_rest.go|158|Starting server at [::]:8080
2025-07-12 13:31:22|-1|-1|INFO|C:/Users/MeGaNeKo/Downloads/programming/golang/ProjectTemplateBE/cmd/start_rest.go|182|Shutting down the server (via panic or signal)
2025-07-12 13:31:22|-1|-1|INFO|C:/Users/MeGaNeKo/Downloads/programming/golang/ProjectTemplateBE/cmd/start_rest.go|55|Failed to start the server: accept tcp [::]:8080: use of closed network connection
2025-07-12 13:31:25|-1|-1|INFO|C:/Users/MeGaNeKo/Downloads/programming/golang/ProjectTemplateBE/cmd/start_rest.go|97|Registered routes:
2025-07-12 13:31:25|-1|-1|INFO|C:/Users/MeGaNeKo/Downloads/programming/golang/ProjectTemplateBE/cmd/start_rest.go|99|CONNECT /docs/*                       
2025-07-12 13:31:25|-1|-1|INFO|C:/Users/MeGaNeKo/Downloads/programming/golang/ProjectTemplateBE/cmd/start_rest.go|99|PATCH  /docs/*                       
2025-07-12 13:31:25|-1|-1|INFO|C:/Users/MeGaNeKo/Downloads/programming/golang/ProjectTemplateBE/cmd/start_rest.go|99|GET    /docs/*                       
2025-07-12 13:31:25|-1|-1|INFO|C:/Users/MeGaNeKo/Downloads/programming/golang/ProjectTemplateBE/cmd/start_rest.go|99|TRACE  /docs/*                       
2025-07-12 13:31:25|-1|-1|INFO|C:/Users/MeGaNeKo/Downloads/programming/golang/ProjectTemplateBE/cmd/start_rest.go|99|PUT    /docs/*                       
2025-07-12 13:31:25|-1|-1|INFO|C:/Users/MeGaNeKo/Downloads/programming/golang/ProjectTemplateBE/cmd/start_rest.go|99|POST   /docs/*                       
2025-07-12 13:31:25|-1|-1|INFO|C:/Users/MeGaNeKo/Downloads/programming/golang/ProjectTemplateBE/cmd/start_rest.go|99|OPTIONS /docs/*                       
2025-07-12 13:31:25|-1|-1|INFO|C:/Users/MeGaNeKo/Downloads/programming/golang/ProjectTemplateBE/cmd/start_rest.go|99|DELETE /docs/*                       
2025-07-12 13:31:25|-1|-1|INFO|C:/Users/MeGaNeKo/Downloads/programming/golang/ProjectTemplateBE/cmd/start_rest.go|99|HEAD   /docs/*                       
2025-07-12 13:31:25|-1|-1|INFO|C:/Users/MeGaNeKo/Downloads/programming/golang/ProjectTemplateBE/cmd/start_rest.go|99|POST   /items/                       
2025-07-12 13:31:25|-1|-1|INFO|C:/Users/MeGaNeKo/Downloads/programming/golang/ProjectTemplateBE/cmd/start_rest.go|99|GET    /items/                       
2025-07-12 13:31:25|-1|-1|INFO|C:/Users/MeGaNeKo/Downloads/programming/golang/ProjectTemplateBE/cmd/start_rest.go|99|GET    /items/{id:[0-9]+}            
2025-07-12 13:31:25|-1|-1|INFO|C:/Users/MeGaNeKo/Downloads/programming/golang/ProjectTemplateBE/cmd/start_rest.go|99|PUT    /items/{id:[0-9]+}            
2025-07-12 13:31:25|-1|-1|INFO|C:/Users/MeGaNeKo/Downloads/programming/golang/ProjectTemplateBE/cmd/start_rest.go|99|DELETE /items/{id:[0-9]+}            
2025-07-12 13:31:25|-1|-1|INFO|C:/Users/MeGaNeKo/Downloads/programming/golang/ProjectTemplateBE/cmd/start_rest.go|99|GET    /system/crash                 
2025-07-12 13:31:25|-1|-1|INFO|C:/Users/MeGaNeKo/Downloads/programming/golang/ProjectTemplateBE/cmd/start_rest.go|99|GET    /system/echo                  
2025-07-12 13:31:25|-1|-1|INFO|C:/Users/MeGaNeKo/Downloads/programming/golang/ProjectTemplateBE/cmd/start_rest.go|99|GET    /system/long                  
2025-07-12 13:31:25|-1|-1|INFO|C:/Users/MeGaNeKo/Downloads/programming/golang/ProjectTemplateBE/cmd/start_rest.go|158|Starting server at [::]:8080
2025-07-12 14:04:19|-1|-1|INFO|C:/Users/MeGaNeKo/Downloads/programming/golang/ProjectTemplateBE/cmd/start_rest.go|55|Failed to start the server: accept tcp [::]:8080: use of closed network connection
2025-07-12 14:04:21|-1|-1|INFO|C:/Users/MeGaNeKo/Downloads/programming/golang/ProjectTemplateBE/cmd/start_rest.go|97|Registered routes:
2025-07-12 14:04:21|-1|-1|INFO|C:/Users/MeGaNeKo/Downloads/programming/golang/ProjectTemplateBE/cmd/start_rest.go|99|CONNECT /docs/*                       
2025-07-12 14:04:21|-1|-1|INFO|C:/Users/MeGaNeKo/Downloads/programming/golang/ProjectTemplateBE/cmd/start_rest.go|99|DELETE /docs/*                       
2025-07-12 14:04:21|-1|-1|INFO|C:/Users/MeGaNeKo/Downloads/programming/golang/ProjectTemplateBE/cmd/start_rest.go|99|PUT    /docs/*                       
2025-07-12 14:04:21|-1|-1|INFO|C:/Users/MeGaNeKo/Downloads/programming/golang/ProjectTemplateBE/cmd/start_rest.go|99|HEAD   /docs/*                       
2025-07-12 14:04:21|-1|-1|INFO|C:/Users/MeGaNeKo/Downloads/programming/golang/ProjectTemplateBE/cmd/start_rest.go|99|TRACE  /docs/*                       
2025-07-12 14:04:21|-1|-1|INFO|C:/Users/MeGaNeKo/Downloads/programming/golang/ProjectTemplateBE/cmd/start_rest.go|99|OPTIONS /docs/*                       
2025-07-12 14:04:21|-1|-1|INFO|C:/Users/MeGaNeKo/Downloads/programming/golang/ProjectTemplateBE/cmd/start_rest.go|99|GET    /docs/*                       
2025-07-12 14:04:21|-1|-1|INFO|C:/Users/MeGaNeKo/Downloads/programming/golang/ProjectTemplateBE/cmd/start_rest.go|99|POST   /docs/*                       
2025-07-12 14:04:21|-1|-1|INFO|C:/Users/MeGaNeKo/Downloads/programming/golang/ProjectTemplateBE/cmd/start_rest.go|99|PATCH  /docs/*                       
2025-07-12 14:04:21|-1|-1|INFO|C:/Users/MeGaNeKo/Downloads/programming/golang/ProjectTemplateBE/cmd/start_rest.go|99|GET    /items/                       
2025-07-12 14:04:21|-1|-1|INFO|C:/Users/MeGaNeKo/Downloads/programming/golang/ProjectTemplateBE/cmd/start_rest.go|99|POST   /items/                       
2025-07-12 14:04:21|-1|-1|INFO|C:/Users/MeGaNeKo/Downloads/programming/golang/ProjectTemplateBE/cmd/start_rest.go|99|PUT    /items/{id:[0-9]+}            
2025-07-12 14:04:21|-1|-1|INFO|C:/Users/MeGaNeKo/Downloads/programming/golang/ProjectTemplateBE/cmd/start_rest.go|99|DELETE /items/{id:[0-9]+}            
2025-07-12 14:04:21|-1|-1|INFO|C:/Users/MeGaNeKo/Downloads/programming/golang/ProjectTemplateBE/cmd/start_rest.go|99|GET    /items/{id:[0-9]+}            
2025-07-12 14:04:21|-1|-1|INFO|C:/Users/MeGaNeKo/Downloads/programming/golang/ProjectTemplateBE/cmd/start_rest.go|99|GET    /system/crash                 
2025-07-12 14:04:21|-1|-1|INFO|C:/Users/MeGaNeKo/Downloads/programming/golang/ProjectTemplateBE/cmd/start_rest.go|99|GET    /system/echo                  
2025-07-12 14:04:21|-1|-1|INFO|C:/Users/MeGaNeKo/Downloads/programming/golang/ProjectTemplateBE/cmd/start_rest.go|99|GET    /system/long                  
2025-07-12 14:04:21|-1|-1|INFO|C:/Users/MeGaNeKo/Downloads/programming/golang/ProjectTemplateBE/cmd/start_rest.go|158|Starting server at [::]:8080
2025-07-12 14:08:07|-1|-1|INFO|C:/Users/MeGaNeKo/Downloads/programming/golang/ProjectTemplateBE/cmd/start_rest.go|55|Failed to start the server: accept tcp [::]:8080: use of closed network connection
2025-07-12 14:08:07|-1|-1|INFO|C:/Users/MeGaNeKo/Downloads/programming/golang/ProjectTemplateBE/cmd/start_rest.go|97|Registered routes:
2025-07-12 14:08:07|-1|-1|INFO|C:/Users/MeGaNeKo/Downloads/programming/golang/ProjectTemplateBE/cmd/start_rest.go|99|HEAD   /docs/*                       
2025-07-12 14:08:07|-1|-1|INFO|C:/Users/MeGaNeKo/Downloads/programming/golang/ProjectTemplateBE/cmd/start_rest.go|99|TRACE  /docs/*                       
2025-07-12 14:08:07|-1|-1|INFO|C:/Users/MeGaNeKo/Downloads/programming/golang/ProjectTemplateBE/cmd/start_rest.go|99|PUT    /docs/*                       
2025-07-12 14:08:07|-1|-1|INFO|C:/Users/MeGaNeKo/Downloads/programming/golang/ProjectTemplateBE/cmd/start_rest.go|99|OPTIONS /docs/*                       
2025-07-12 14:08:07|-1|-1|INFO|C:/Users/MeGaNeKo/Downloads/programming/golang/ProjectTemplateBE/cmd/start_rest.go|99|CONNECT /docs/*                       
2025-07-12 14:08:07|-1|-1|INFO|C:/Users/MeGaNeKo/Downloads/programming/golang/ProjectTemplateBE/cmd/start_rest.go|99|PATCH  /docs/*                       
2025-07-12 14:08:07|-1|-1|INFO|C:/Users/MeGaNeKo/Downloads/programming/golang/ProjectTemplateBE/cmd/start_rest.go|99|GET    /docs/*                       
2025-07-12 14:08:07|-1|-1|INFO|C:/Users/MeGaNeKo/Downloads/programming/golang/ProjectTemplateBE/cmd/start_rest.go|99|POST   /docs/*                       
2025-07-12 14:08:07|-1|-1|INFO|C:/Users/MeGaNeKo/Downloads/programming/golang/ProjectTemplateBE/cmd/start_rest.go|99|DELETE /docs/*                       
2025-07-12 14:08:07|-1|-1|INFO|C:/Users/MeGaNeKo/Downloads/programming/golang/ProjectTemplateBE/cmd/start_rest.go|99|POST   /items/                       
2025-07-12 14:08:07|-1|-1|INFO|C:/Users/MeGaNeKo/Downloads/programming/golang/ProjectTemplateBE/cmd/start_rest.go|99|GET    /items/                       
2025-07-12 14:08:07|-1|-1|INFO|C:/Users/MeGaNeKo/Downloads/programming/golang/ProjectTemplateBE/cmd/start_rest.go|99|GET    /items/{id:[0-9]+}            
2025-07-12 14:08:07|-1|-1|INFO|C:/Users/MeGaNeKo/Downloads/programming/golang/ProjectTemplateBE/cmd/start_rest.go|99|PUT    /items/{id:[0-9]+}            
2025-07-12 14:08:07|-1|-1|INFO|C:/Users/MeGaNeKo/Downloads/programming/golang/ProjectTemplateBE/cmd/start_rest.go|99|DELETE /items/{id:[0-9]+}            
2025-07-12 14:08:07|-1|-1|INFO|C:/Users/MeGaNeKo/Downloads/programming/golang/ProjectTemplateBE/cmd/start_rest.go|99|GET    /system/crash                 
2025-07-12 14:08:07|-1|-1|INFO|C:/Users/MeGaNeKo/Downloads/programming/golang/ProjectTemplateBE/cmd/start_rest.go|99|GET    /system/echo                  
2025-07-12 14:08:07|-1|-1|INFO|C:/Users/MeGaNeKo/Downloads/programming/golang/ProjectTemplateBE/cmd/start_rest.go|99|GET    /system/long                  
2025-07-12 14:08:07|-1|-1|INFO|C:/Users/MeGaNeKo/Downloads/programming/golang/ProjectTemplateBE/cmd/start_rest.go|158|Starting server at [::]:8080
2025-07-12 14:08:15|-1|-1|INFO|C:/Users/MeGaNeKo/Downloads/programming/golang/ProjectTemplateBE/cmd/start_rest.go|55|Failed to start the server: accept tcp [::]:8080: use of closed network connection
2025-07-12 14:08:15|-1|-1|INFO|C:/Users/MeGaNeKo/Downloads/programming/golang/ProjectTemplateBE/cmd/start_rest.go|182|Shutting down the server (via panic or signal)
2025-07-12 14:08:16|-1|-1|INFO|C:/Users/MeGaNeKo/Downloads/programming/golang/ProjectTemplateBE/cmd/start_rest.go|97|Registered routes:
2025-07-12 14:08:16|-1|-1|INFO|C:/Users/MeGaNeKo/Downloads/programming/golang/ProjectTemplateBE/cmd/start_rest.go|99|TRACE  /docs/*                       
2025-07-12 14:08:16|-1|-1|INFO|C:/Users/MeGaNeKo/Downloads/programming/golang/ProjectTemplateBE/cmd/start_rest.go|99|GET    /docs/*                       
2025-07-12 14:08:16|-1|-1|INFO|C:/Users/MeGaNeKo/Downloads/programming/golang/ProjectTemplateBE/cmd/start_rest.go|99|HEAD   /docs/*                       
2025-07-12 14:08:16|-1|-1|INFO|C:/Users/MeGaNeKo/Downloads/programming/golang/ProjectTemplateBE/cmd/start_rest.go|99|POST   /docs/*                       
2025-07-12 14:08:16|-1|-1|INFO|C:/Users/MeGaNeKo/Downloads/programming/golang/ProjectTemplateBE/cmd/start_rest.go|99|CONNECT /docs/*                       
2025-07-12 14:08:16|-1|-1|INFO|C:/Users/MeGaNeKo/Downloads/programming/golang/ProjectTemplateBE/cmd/start_rest.go|99|OPTIONS /docs/*                       
2025-07-12 14:08:16|-1|-1|INFO|C:/Users/MeGaNeKo/Downloads/programming/golang/ProjectTemplateBE/cmd/start_rest.go|99|DELETE /docs/*                       
2025-07-12 14:08:16|-1|-1|INFO|C:/Users/MeGaNeKo/Downloads/programming/golang/ProjectTemplateBE/cmd/start_rest.go|99|PUT    /docs/*                       
2025-07-12 14:08:16|-1|-1|INFO|C:/Users/MeGaNeKo/Downloads/programming/golang/ProjectTemplateBE/cmd/start_rest.go|99|PATCH  /docs/*                       
2025-07-12 14:08:16|-1|-1|INFO|C:/Users/MeGaNeKo/Downloads/programming/golang/ProjectTemplateBE/cmd/start_rest.go|99|GET    /items/                       
2025-07-12 14:08:16|-1|-1|INFO|C:/Users/MeGaNeKo/Downloads/programming/golang/ProjectTemplateBE/cmd/start_rest.go|99|POST   /items/                       
2025-07-12 14:08:16|-1|-1|INFO|C:/Users/MeGaNeKo/Downloads/programming/golang/ProjectTemplateBE/cmd/start_rest.go|99|DELETE /items/{id:[0-9]+}            
2025-07-12 14:08:16|-1|-1|INFO|C:/Users/MeGaNeKo/Downloads/programming/golang/ProjectTemplateBE/cmd/start_rest.go|99|GET    /items/{id:[0-9]+}            
2025-07-12 14:08:16|-1|-1|INFO|C:/Users/MeGaNeKo/Downloads/programming/golang/ProjectTemplateBE/cmd/start_rest.go|99|PUT    /items/{id:[0-9]+}            
2025-07-12 14:08:16|-1|-1|INFO|C:/Users/MeGaNeKo/Downloads/programming/golang/ProjectTemplateBE/cmd/start_rest.go|99|GET    /system/crash                 
2025-07-12 14:08:16|-1|-1|INFO|C:/Users/MeGaNeKo/Downloads/programming/golang/ProjectTemplateBE/cmd/start_rest.go|99|GET    /system/echo                  
2025-07-12 14:08:16|-1|-1|INFO|C:/Users/MeGaNeKo/Downloads/programming/golang/ProjectTemplateBE/cmd/start_rest.go|99|GET    /system/long                  
2025-07-12 14:08:16|-1|-1|INFO|C:/Users/MeGaNeKo/Downloads/programming/golang/ProjectTemplateBE/cmd/start_rest.go|158|Starting server at [::]:8080
2025-07-12 14:08:32|-1|-1|INFO|C:/Users/MeGaNeKo/Downloads/programming/golang/ProjectTemplateBE/cmd/start_rest.go|182|Shutting down the server (via panic or signal)
2025-07-12 14:08:32|-1|-1|INFO|C:/Users/MeGaNeKo/Downloads/programming/golang/ProjectTemplateBE/cmd/start_rest.go|55|Failed to start the server: accept tcp [::]:8080: use of closed network connection
2025-07-12 14:08:33|-1|-1|INFO|C:/Users/MeGaNeKo/Downloads/programming/golang/ProjectTemplateBE/cmd/start_rest.go|97|Registered routes:
2025-07-12 14:08:33|-1|-1|INFO|C:/Users/MeGaNeKo/Downloads/programming/golang/ProjectTemplateBE/cmd/start_rest.go|99|CONNECT /docs/*                       
2025-07-12 14:08:33|-1|-1|INFO|C:/Users/MeGaNeKo/Downloads/programming/golang/ProjectTemplateBE/cmd/start_rest.go|99|HEAD   /docs/*                       
2025-07-12 14:08:33|-1|-1|INFO|C:/Users/MeGaNeKo/Downloads/programming/golang/ProjectTemplateBE/cmd/start_rest.go|99|OPTIONS /docs/*                       
2025-07-12 14:08:33|-1|-1|INFO|C:/Users/MeGaNeKo/Downloads/programming/golang/ProjectTemplateBE/cmd/start_rest.go|99|PUT    /docs/*                       
2025-07-12 14:08:33|-1|-1|INFO|C:/Users/MeGaNeKo/Downloads/programming/golang/ProjectTemplateBE/cmd/start_rest.go|99|DELETE /docs/*                       
2025-07-12 14:08:33|-1|-1|INFO|C:/Users/MeGaNeKo/Downloads/programming/golang/ProjectTemplateBE/cmd/start_rest.go|99|PATCH  /docs/*                       
2025-07-12 14:08:33|-1|-1|INFO|C:/Users/MeGaNeKo/Downloads/programming/golang/ProjectTemplateBE/cmd/start_rest.go|99|POST   /docs/*                       
2025-07-12 14:08:33|-1|-1|INFO|C:/Users/MeGaNeKo/Downloads/programming/golang/ProjectTemplateBE/cmd/start_rest.go|99|GET    /docs/*                       
2025-07-12 14:08:33|-1|-1|INFO|C:/Users/MeGaNeKo/Downloads/programming/golang/ProjectTemplateBE/cmd/start_rest.go|99|TRACE  /docs/*                       
2025-07-12 14:08:33|-1|-1|INFO|C:/Users/MeGaNeKo/Downloads/programming/golang/ProjectTemplateBE/cmd/start_rest.go|99|GET    /items/                       
2025-07-12 14:08:33|-1|-1|INFO|C:/Users/MeGaNeKo/Downloads/programming/golang/ProjectTemplateBE/cmd/start_rest.go|99|POST   /items/                       
2025-07-12 14:08:33|-1|-1|INFO|C:/Users/MeGaNeKo/Downloads/programming/golang/ProjectTemplateBE/cmd/start_rest.go|99|GET    /items/{id:[0-9]+}            
2025-07-12 14:08:33|-1|-1|INFO|C:/Users/MeGaNeKo/Downloads/programming/golang/ProjectTemplateBE/cmd/start_rest.go|99|PUT    /items/{id:[0-9]+}            
2025-07-12 14:08:33|-1|-1|INFO|C:/Users/MeGaNeKo/Downloads/programming/golang/ProjectTemplateBE/cmd/start_rest.go|99|DELETE /items/{id:[0-9]+}            
2025-07-12 14:08:33|-1|-1|INFO|C:/Users/MeGaNeKo/Downloads/programming/golang/ProjectTemplateBE/cmd/start_rest.go|99|GET    /system/crash                 
2025-07-12 14:08:33|-1|-1|INFO|C:/Users/MeGaNeKo/Downloads/programming/golang/ProjectTemplateBE/cmd/start_rest.go|99|GET    /system/echo                  
2025-07-12 14:08:33|-1|-1|INFO|C:/Users/MeGaNeKo/Downloads/programming/golang/ProjectTemplateBE/cmd/start_rest.go|99|GET    /system/long                  
2025-07-12 14:08:33|-1|-1|INFO|C:/Users/MeGaNeKo/Downloads/programming/golang/ProjectTemplateBE/cmd/start_rest.go|158|Starting server at [::]:8080
2025-07-12 14:08:36|-1|-1|INFO|C:/Users/MeGaNeKo/Downloads/programming/golang/ProjectTemplateBE/cmd/start_rest.go|55|Failed to start the server: accept tcp [::]:8080: use of closed network connection
2025-07-12 14:08:45|-1|-1|INFO|C:/Users/MeGaNeKo/Downloads/programming/golang/ProjectTemplateBE/cmd/start_rest.go|97|Registered routes:
2025-07-12 14:08:45|-1|-1|INFO|C:/Users/MeGaNeKo/Downloads/programming/golang/ProjectTemplateBE/cmd/start_rest.go|99|POST   /docs/*                       
2025-07-12 14:08:45|-1|-1|INFO|C:/Users/MeGaNeKo/Downloads/programming/golang/ProjectTemplateBE/cmd/start_rest.go|99|TRACE  /docs/*                       
2025-07-12 14:08:45|-1|-1|INFO|C:/Users/MeGaNeKo/Downloads/programming/golang/ProjectTemplateBE/cmd/start_rest.go|99|OPTIONS /docs/*                       
2025-07-12 14:08:45|-1|-1|INFO|C:/Users/MeGaNeKo/Downloads/programming/golang/ProjectTemplateBE/cmd/start_rest.go|99|CONNECT /docs/*                       
2025-07-12 14:08:45|-1|-1|INFO|C:/Users/MeGaNeKo/Downloads/programming/golang/ProjectTemplateBE/cmd/start_rest.go|99|GET    /docs/*                       
2025-07-12 14:08:45|-1|-1|INFO|C:/Users/MeGaNeKo/Downloads/programming/golang/ProjectTemplateBE/cmd/start_rest.go|99|PATCH  /docs/*                       
2025-07-12 14:08:45|-1|-1|INFO|C:/Users/MeGaNeKo/Downloads/programming/golang/ProjectTemplateBE/cmd/start_rest.go|99|DELETE /docs/*                       
2025-07-12 14:08:45|-1|-1|INFO|C:/Users/MeGaNeKo/Downloads/programming/golang/ProjectTemplateBE/cmd/start_rest.go|99|PUT    /docs/*                       
2025-07-12 14:08:45|-1|-1|INFO|C:/Users/MeGaNeKo/Downloads/programming/golang/ProjectTemplateBE/cmd/start_rest.go|99|HEAD   /docs/*                       
2025-07-12 14:08:45|-1|-1|INFO|C:/Users/MeGaNeKo/Downloads/programming/golang/ProjectTemplateBE/cmd/start_rest.go|99|GET    /items/                       
2025-07-12 14:08:45|-1|-1|INFO|C:/Users/MeGaNeKo/Downloads/programming/golang/ProjectTemplateBE/cmd/start_rest.go|99|POST   /items/                       
2025-07-12 14:08:45|-1|-1|INFO|C:/Users/MeGaNeKo/Downloads/programming/golang/ProjectTemplateBE/cmd/start_rest.go|99|DELETE /items/{id:[0-9]+}            
2025-07-12 14:08:45|-1|-1|INFO|C:/Users/MeGaNeKo/Downloads/programming/golang/ProjectTemplateBE/cmd/start_rest.go|99|GET    /items/{id:[0-9]+}            
2025-07-12 14:08:45|-1|-1|INFO|C:/Users/MeGaNeKo/Downloads/programming/golang/ProjectTemplateBE/cmd/start_rest.go|99|PUT    /items/{id:[0-9]+}            
2025-07-12 14:08:45|-1|-1|INFO|C:/Users/MeGaNeKo/Downloads/programming/golang/ProjectTemplateBE/cmd/start_rest.go|99|GET    /system/crash                 
2025-07-12 14:08:45|-1|-1|INFO|C:/Users/MeGaNeKo/Downloads/programming/golang/ProjectTemplateBE/cmd/start_rest.go|99|GET    /system/echo                  
2025-07-12 14:08:45|-1|-1|INFO|C:/Users/MeGaNeKo/Downloads/programming/golang/ProjectTemplateBE/cmd/start_rest.go|99|GET    /system/long                  
2025-07-12 14:08:45|-1|-1|INFO|C:/Users/MeGaNeKo/Downloads/programming/golang/ProjectTemplateBE/cmd/start_rest.go|158|Starting server at [::]:8080
2025-07-12 14:10:00|-1|-1|INFO|C:/Users/MeGaNeKo/Downloads/programming/golang/ProjectTemplateBE/cmd/start_rest.go|55|Failed to start the server: accept tcp [::]:8080: use of closed network connection
2025-07-12 14:10:02|-1|-1|INFO|C:/Users/MeGaNeKo/Downloads/programming/golang/ProjectTemplateBE/cmd/start_rest.go|97|Registered routes:
2025-07-12 14:10:02|-1|-1|INFO|C:/Users/MeGaNeKo/Downloads/programming/golang/ProjectTemplateBE/cmd/start_rest.go|99|POST   /docs/*                       
2025-07-12 14:10:02|-1|-1|INFO|C:/Users/MeGaNeKo/Downloads/programming/golang/ProjectTemplateBE/cmd/start_rest.go|99|GET    /docs/*                       
2025-07-12 14:10:02|-1|-1|INFO|C:/Users/MeGaNeKo/Downloads/programming/golang/ProjectTemplateBE/cmd/start_rest.go|99|OPTIONS /docs/*                       
2025-07-12 14:10:02|-1|-1|INFO|C:/Users/MeGaNeKo/Downloads/programming/golang/ProjectTemplateBE/cmd/start_rest.go|99|HEAD   /docs/*                       
2025-07-12 14:10:02|-1|-1|INFO|C:/Users/MeGaNeKo/Downloads/programming/golang/ProjectTemplateBE/cmd/start_rest.go|99|PUT    /docs/*                       
2025-07-12 14:10:02|-1|-1|INFO|C:/Users/MeGaNeKo/Downloads/programming/golang/ProjectTemplateBE/cmd/start_rest.go|99|CONNECT /docs/*                       
2025-07-12 14:10:02|-1|-1|INFO|C:/Users/MeGaNeKo/Downloads/programming/golang/ProjectTemplateBE/cmd/start_rest.go|99|TRACE  /docs/*                       
2025-07-12 14:10:02|-1|-1|INFO|C:/Users/MeGaNeKo/Downloads/programming/golang/ProjectTemplateBE/cmd/start_rest.go|99|DELETE /docs/*                       
2025-07-12 14:10:02|-1|-1|INFO|C:/Users/MeGaNeKo/Downloads/programming/golang/ProjectTemplateBE/cmd/start_rest.go|99|PATCH  /docs/*                       
2025-07-12 14:10:02|-1|-1|INFO|C:/Users/MeGaNeKo/Downloads/programming/golang/ProjectTemplateBE/cmd/start_rest.go|99|GET    /items/                       
2025-07-12 14:10:02|-1|-1|INFO|C:/Users/MeGaNeKo/Downloads/programming/golang/ProjectTemplateBE/cmd/start_rest.go|99|POST   /items/                       
2025-07-12 14:10:02|-1|-1|INFO|C:/Users/MeGaNeKo/Downloads/programming/golang/ProjectTemplateBE/cmd/start_rest.go|99|PUT    /items/{id:[0-9]+}            
2025-07-12 14:10:02|-1|-1|INFO|C:/Users/MeGaNeKo/Downloads/programming/golang/ProjectTemplateBE/cmd/start_rest.go|99|DELETE /items/{id:[0-9]+}            
2025-07-12 14:10:02|-1|-1|INFO|C:/Users/MeGaNeKo/Downloads/programming/golang/ProjectTemplateBE/cmd/start_rest.go|99|GET    /items/{id:[0-9]+}            
2025-07-12 14:10:02|-1|-1|INFO|C:/Users/MeGaNeKo/Downloads/programming/golang/ProjectTemplateBE/cmd/start_rest.go|99|GET    /system/crash                 
2025-07-12 14:10:02|-1|-1|INFO|C:/Users/MeGaNeKo/Downloads/programming/golang/ProjectTemplateBE/cmd/start_rest.go|99|GET    /system/echo                  
2025-07-12 14:10:02|-1|-1|INFO|C:/Users/MeGaNeKo/Downloads/programming/golang/ProjectTemplateBE/cmd/start_rest.go|99|GET    /system/long                  
2025-07-12 14:10:02|-1|-1|INFO|C:/Users/MeGaNeKo/Downloads/programming/golang/ProjectTemplateBE/cmd/start_rest.go|158|Starting server at [::]:8080
2025-07-12 14:10:27|-1|-1|INFO|C:/Users/MeGaNeKo/Downloads/programming/golang/ProjectTemplateBE/cmd/start_rest.go|182|Shutting down the server (via panic or signal)
2025-07-12 14:10:27|-1|-1|INFO|C:/Users/MeGaNeKo/Downloads/programming/golang/ProjectTemplateBE/cmd/start_rest.go|55|Failed to start the server: accept tcp [::]:8080: use of closed network connection
2025-07-12 14:10:28|-1|-1|INFO|C:/Users/MeGaNeKo/Downloads/programming/golang/ProjectTemplateBE/cmd/start_rest.go|97|Registered routes:
2025-07-12 14:10:28|-1|-1|INFO|C:/Users/MeGaNeKo/Downloads/programming/golang/ProjectTemplateBE/cmd/start_rest.go|99|HEAD   /docs/*                       
2025-07-12 14:10:28|-1|-1|INFO|C:/Users/MeGaNeKo/Downloads/programming/golang/ProjectTemplateBE/cmd/start_rest.go|99|TRACE  /docs/*                       
2025-07-12 14:10:28|-1|-1|INFO|C:/Users/MeGaNeKo/Downloads/programming/golang/ProjectTemplateBE/cmd/start_rest.go|99|POST   /docs/*                       
2025-07-12 14:10:28|-1|-1|INFO|C:/Users/MeGaNeKo/Downloads/programming/golang/ProjectTemplateBE/cmd/start_rest.go|99|GET    /docs/*                       
2025-07-12 14:10:28|-1|-1|INFO|C:/Users/MeGaNeKo/Downloads/programming/golang/ProjectTemplateBE/cmd/start_rest.go|99|DELETE /docs/*                       
2025-07-12 14:10:28|-1|-1|INFO|C:/Users/MeGaNeKo/Downloads/programming/golang/ProjectTemplateBE/cmd/start_rest.go|99|CONNECT /docs/*                       
2025-07-12 14:10:28|-1|-1|INFO|C:/Users/MeGaNeKo/Downloads/programming/golang/ProjectTemplateBE/cmd/start_rest.go|99|OPTIONS /docs/*                       
2025-07-12 14:10:28|-1|-1|INFO|C:/Users/MeGaNeKo/Downloads/programming/golang/ProjectTemplateBE/cmd/start_rest.go|99|PUT    /docs/*                       
2025-07-12 14:10:28|-1|-1|INFO|C:/Users/MeGaNeKo/Downloads/programming/golang/ProjectTemplateBE/cmd/start_rest.go|99|PATCH  /docs/*                       
2025-07-12 14:10:28|-1|-1|INFO|C:/Users/MeGaNeKo/Downloads/programming/golang/ProjectTemplateBE/cmd/start_rest.go|99|GET    /items/                       
2025-07-12 14:10:28|-1|-1|INFO|C:/Users/MeGaNeKo/Downloads/programming/golang/ProjectTemplateBE/cmd/start_rest.go|99|POST   /items/                       
2025-07-12 14:10:28|-1|-1|INFO|C:/Users/MeGaNeKo/Downloads/programming/golang/ProjectTemplateBE/cmd/start_rest.go|99|GET    /items/{id:[0-9]+}            
2025-07-12 14:10:28|-1|-1|INFO|C:/Users/MeGaNeKo/Downloads/programming/golang/ProjectTemplateBE/cmd/start_rest.go|99|PUT    /items/{id:[0-9]+}            
2025-07-12 14:10:28|-1|-1|INFO|C:/Users/MeGaNeKo/Downloads/programming/golang/ProjectTemplateBE/cmd/start_rest.go|99|DELETE /items/{id:[0-9]+}            
2025-07-12 14:10:28|-1|-1|INFO|C:/Users/MeGaNeKo/Downloads/programming/golang/ProjectTemplateBE/cmd/start_rest.go|99|GET    /system/crash                 
2025-07-12 14:10:28|-1|-1|INFO|C:/Users/MeGaNeKo/Downloads/programming/golang/ProjectTemplateBE/cmd/start_rest.go|99|GET    /system/echo                  
2025-07-12 14:10:28|-1|-1|INFO|C:/Users/MeGaNeKo/Downloads/programming/golang/ProjectTemplateBE/cmd/start_rest.go|99|GET    /system/long                  
2025-07-12 14:10:28|-1|-1|INFO|C:/Users/MeGaNeKo/Downloads/programming/golang/ProjectTemplateBE/cmd/start_rest.go|158|Starting server at [::]:8080
2025-07-12 14:10:43|-1|-1|INFO|C:/Users/MeGaNeKo/Downloads/programming/golang/ProjectTemplateBE/cmd/start_rest.go|55|Failed to start the server: accept tcp [::]:8080: use of closed network connection
2025-07-12 14:10:43|-1|-1|INFO|C:/Users/MeGaNeKo/Downloads/programming/golang/ProjectTemplateBE/cmd/start_rest.go|182|Shutting down the server (via panic or signal)
2025-07-12 14:10:45|-1|-1|INFO|C:/Users/MeGaNeKo/Downloads/programming/golang/ProjectTemplateBE/cmd/start_rest.go|97|Registered routes:
2025-07-12 14:10:45|-1|-1|INFO|C:/Users/MeGaNeKo/Downloads/programming/golang/ProjectTemplateBE/cmd/start_rest.go|99|PATCH  /docs/*                       
2025-07-12 14:10:45|-1|-1|INFO|C:/Users/MeGaNeKo/Downloads/programming/golang/ProjectTemplateBE/cmd/start_rest.go|99|PUT    /docs/*                       
2025-07-12 14:10:45|-1|-1|INFO|C:/Users/MeGaNeKo/Downloads/programming/golang/ProjectTemplateBE/cmd/start_rest.go|99|TRACE  /docs/*                       
2025-07-12 14:10:45|-1|-1|INFO|C:/Users/MeGaNeKo/Downloads/programming/golang/ProjectTemplateBE/cmd/start_rest.go|99|DELETE /docs/*                       
2025-07-12 14:10:45|-1|-1|INFO|C:/Users/MeGaNeKo/Downloads/programming/golang/ProjectTemplateBE/cmd/start_rest.go|99|HEAD   /docs/*                       
2025-07-12 14:10:45|-1|-1|INFO|C:/Users/MeGaNeKo/Downloads/programming/golang/ProjectTemplateBE/cmd/start_rest.go|99|POST   /docs/*                       
2025-07-12 14:10:45|-1|-1|INFO|C:/Users/MeGaNeKo/Downloads/programming/golang/ProjectTemplateBE/cmd/start_rest.go|99|OPTIONS /docs/*                       
2025-07-12 14:10:45|-1|-1|INFO|C:/Users/MeGaNeKo/Downloads/programming/golang/ProjectTemplateBE/cmd/start_rest.go|99|CONNECT /docs/*                       
2025-07-12 14:10:45|-1|-1|INFO|C:/Users/MeGaNeKo/Downloads/programming/golang/ProjectTemplateBE/cmd/start_rest.go|99|GET    /docs/*                       
2025-07-12 14:10:45|-1|-1|INFO|C:/Users/MeGaNeKo/Downloads/programming/golang/ProjectTemplateBE/cmd/start_rest.go|99|GET    /items/                       
2025-07-12 14:10:45|-1|-1|INFO|C:/Users/MeGaNeKo/Downloads/programming/golang/ProjectTemplateBE/cmd/start_rest.go|99|POST   /items/                       
2025-07-12 14:10:45|-1|-1|INFO|C:/Users/MeGaNeKo/Downloads/programming/golang/ProjectTemplateBE/cmd/start_rest.go|99|GET    /items/{id:[0-9]+}            
2025-07-12 14:10:45|-1|-1|INFO|C:/Users/MeGaNeKo/Downloads/programming/golang/ProjectTemplateBE/cmd/start_rest.go|99|PUT    /items/{id:[0-9]+}            
2025-07-12 14:10:45|-1|-1|INFO|C:/Users/MeGaNeKo/Downloads/programming/golang/ProjectTemplateBE/cmd/start_rest.go|99|DELETE /items/{id:[0-9]+}            
2025-07-12 14:10:45|-1|-1|INFO|C:/Users/MeGaNeKo/Downloads/programming/golang/ProjectTemplateBE/cmd/start_rest.go|99|GET    /system/crash                 
2025-07-12 14:10:45|-1|-1|INFO|C:/Users/MeGaNeKo/Downloads/programming/golang/ProjectTemplateBE/cmd/start_rest.go|99|GET    /system/echo                  
2025-07-12 14:10:45|-1|-1|INFO|C:/Users/MeGaNeKo/Downloads/programming/golang/ProjectTemplateBE/cmd/start_rest.go|99|GET    /system/long                  
2025-07-12 14:10:45|-1|-1|INFO|C:/Users/MeGaNeKo/Downloads/programming/golang/ProjectTemplateBE/cmd/start_rest.go|158|Starting server at [::]:8080
2025-07-12 14:11:01|-1|-1|INFO|C:/Users/MeGaNeKo/Downloads/programming/golang/ProjectTemplateBE/cmd/start_rest.go|182|Shutting down the server (via panic or signal)
2025-07-12 14:11:01|-1|-1|INFO|C:/Users/MeGaNeKo/Downloads/programming/golang/ProjectTemplateBE/cmd/start_rest.go|55|Failed to start the server: accept tcp [::]:8080: use of closed network connection
2025-07-12 14:11:04|-1|-1|INFO|C:/Users/MeGaNeKo/Downloads/programming/golang/ProjectTemplateBE/cmd/start_rest.go|97|Registered routes:
2025-07-12 14:11:04|-1|-1|INFO|C:/Users/MeGaNeKo/Downloads/programming/golang/ProjectTemplateBE/cmd/start_rest.go|99|CONNECT /docs/*                       
2025-07-12 14:11:04|-1|-1|INFO|C:/Users/MeGaNeKo/Downloads/programming/golang/ProjectTemplateBE/cmd/start_rest.go|99|POST   /docs/*                       
2025-07-12 14:11:04|-1|-1|INFO|C:/Users/MeGaNeKo/Downloads/programming/golang/ProjectTemplateBE/cmd/start_rest.go|99|TRACE  /docs/*                       
2025-07-12 14:11:04|-1|-1|INFO|C:/Users/MeGaNeKo/Downloads/programming/golang/ProjectTemplateBE/cmd/start_rest.go|99|PUT    /docs/*                       
2025-07-12 14:11:04|-1|-1|INFO|C:/Users/MeGaNeKo/Downloads/programming/golang/ProjectTemplateBE/cmd/start_rest.go|99|OPTIONS /docs/*                       
2025-07-12 14:11:04|-1|-1|INFO|C:/Users/MeGaNeKo/Downloads/programming/golang/ProjectTemplateBE/cmd/start_rest.go|99|GET    /docs/*                       
2025-07-12 14:11:04|-1|-1|INFO|C:/Users/MeGaNeKo/Downloads/programming/golang/ProjectTemplateBE/cmd/start_rest.go|99|HEAD   /docs/*                       
2025-07-12 14:11:04|-1|-1|INFO|C:/Users/MeGaNeKo/Downloads/programming/golang/ProjectTemplateBE/cmd/start_rest.go|99|PATCH  /docs/*                       
2025-07-12 14:11:04|-1|-1|INFO|C:/Users/MeGaNeKo/Downloads/programming/golang/ProjectTemplateBE/cmd/start_rest.go|99|DELETE /docs/*                       
2025-07-12 14:11:04|-1|-1|INFO|C:/Users/MeGaNeKo/Downloads/programming/golang/ProjectTemplateBE/cmd/start_rest.go|99|POST   /items/                       
2025-07-12 14:11:04|-1|-1|INFO|C:/Users/MeGaNeKo/Downloads/programming/golang/ProjectTemplateBE/cmd/start_rest.go|99|GET    /items/                       
2025-07-12 14:11:04|-1|-1|INFO|C:/Users/MeGaNeKo/Downloads/programming/golang/ProjectTemplateBE/cmd/start_rest.go|99|GET    /items/{id:[0-9]+}            
2025-07-12 14:11:04|-1|-1|INFO|C:/Users/MeGaNeKo/Downloads/programming/golang/ProjectTemplateBE/cmd/start_rest.go|99|PUT    /items/{id:[0-9]+}            
2025-07-12 14:11:04|-1|-1|INFO|C:/Users/MeGaNeKo/Downloads/programming/golang/ProjectTemplateBE/cmd/start_rest.go|99|DELETE /items/{id:[0-9]+}            
2025-07-12 14:11:04|-1|-1|INFO|C:/Users/MeGaNeKo/Downloads/programming/golang/ProjectTemplateBE/cmd/start_rest.go|99|GET    /system/crash                 
2025-07-12 14:11:04|-1|-1|INFO|C:/Users/MeGaNeKo/Downloads/programming/golang/ProjectTemplateBE/cmd/start_rest.go|99|GET    /system/echo                  
2025-07-12 14:11:04|-1|-1|INFO|C:/Users/MeGaNeKo/Downloads/programming/golang/ProjectTemplateBE/cmd/start_rest.go|99|GET    /system/long                  
2025-07-12 14:11:04|-1|-1|INFO|C:/Users/MeGaNeKo/Downloads/programming/golang/ProjectTemplateBE/cmd/start_rest.go|158|Starting server at [::]:8080
2025-07-12 14:49:55|-1|-1|INFO|C:/Users/MeGaNeKo/Downloads/programming/golang/ProjectTemplateBE/cmd/start_rest.go|55|Failed to start the server: accept tcp [::]:8080: use of closed network connection
2025-07-12 14:49:57|-1|-1|INFO|C:/Users/MeGaNeKo/Downloads/programming/golang/ProjectTemplateBE/cmd/start_rest.go|124|Registered routes:
2025-07-12 14:49:57|-1|-1|INFO|C:/Users/MeGaNeKo/Downloads/programming/golang/ProjectTemplateBE/cmd/start_rest.go|86|/docs/*                        CONNECT,DELETE,GET,HEAD,OPTIONS,PATCH,POST,PUT,TRACE

2025-07-12 14:49:57|-1|-1|INFO|C:/Users/MeGaNeKo/Downloads/programming/golang/ProjectTemplateBE/cmd/start_rest.go|86|/items/                        GET,POST

2025-07-12 14:49:57|-1|-1|INFO|C:/Users/MeGaNeKo/Downloads/programming/golang/ProjectTemplateBE/cmd/start_rest.go|86|/items/{id:[0-9]+}             DELETE,GET,PUT

2025-07-12 14:49:57|-1|-1|INFO|C:/Users/MeGaNeKo/Downloads/programming/golang/ProjectTemplateBE/cmd/start_rest.go|86|/system/crash                  GET

2025-07-12 14:49:57|-1|-1|INFO|C:/Users/MeGaNeKo/Downloads/programming/golang/ProjectTemplateBE/cmd/start_rest.go|86|/system/echo                   GET

2025-07-12 14:49:57|-1|-1|INFO|C:/Users/MeGaNeKo/Downloads/programming/golang/ProjectTemplateBE/cmd/start_rest.go|86|/system/long                   GET

2025-07-12 14:49:57|-1|-1|INFO|C:/Users/MeGaNeKo/Downloads/programming/golang/ProjectTemplateBE/cmd/start_rest.go|182|Starting server at [::]:8080
2025-07-12 21:22:10|-1|-1|INFO|C:/Users/MeGaNeKo/Downloads/programming/golang/ProjectTemplateBE/cmd/start_rest.go|206|Shutting down the server (via panic or signal)
2025-07-12 21:22:10|-1|-1|INFO|C:/Users/MeGaNeKo/Downloads/programming/golang/ProjectTemplateBE/cmd/start_rest.go|57|Failed to start the server: accept tcp [::]:8080: use of closed network connection
2025-07-12 23:36:55|-1|-1|INFO|C:/Users/MeGaNeKo/Downloads/programming/golang/ProjectTemplateBE/cmd/start_rest.go|125|Registered routes:
2025-07-12 23:36:55|-1|-1|INFO|C:/Users/MeGaNeKo/Downloads/programming/golang/ProjectTemplateBE/cmd/start_rest.go|86|CONNECT,DELETE,GET,HEAD,OPTIONS,PATCH,POST,PUT,TRACE /docs/*
2025-07-12 23:36:55|-1|-1|INFO|C:/Users/MeGaNeKo/Downloads/programming/golang/ProjectTemplateBE/cmd/start_rest.go|86|GET,POST /items/
2025-07-12 23:36:55|-1|-1|INFO|C:/Users/MeGaNeKo/Downloads/programming/golang/ProjectTemplateBE/cmd/start_rest.go|86|DELETE,GET,PUT /items/{id:[0-9]+}
2025-07-12 23:36:55|-1|-1|INFO|C:/Users/MeGaNeKo/Downloads/programming/golang/ProjectTemplateBE/cmd/start_rest.go|86|GET /system/crash
2025-07-12 23:36:55|-1|-1|INFO|C:/Users/MeGaNeKo/Downloads/programming/golang/ProjectTemplateBE/cmd/start_rest.go|86|GET /system/echo
2025-07-12 23:36:55|-1|-1|INFO|C:/Users/MeGaNeKo/Downloads/programming/golang/ProjectTemplateBE/cmd/start_rest.go|86|GET /system/long
2025-07-12 23:36:55|-1|-1|INFO|C:/Users/MeGaNeKo/Downloads/programming/golang/ProjectTemplateBE/cmd/start_rest.go|183|Starting server at [::]:8080
2025-07-12 23:49:15|-1|-1|INFO|C:/Users/MeGaNeKo/Downloads/programming/golang/ProjectTemplateBE/cmd/start_rest.go|207|Shutting down the server (via panic or signal)
2025-07-12 23:49:15|-1|-1|INFO|C:/Users/MeGaNeKo/Downloads/programming/golang/ProjectTemplateBE/cmd/start_rest.go|57|Failed to start the server: accept tcp [::]:8080: use of closed network connection
2025-07-12 23:49:16|-1|-1|INFO|C:/Users/MeGaNeKo/Downloads/programming/golang/ProjectTemplateBE/cmd/start_rest.go|125|Registered routes:
2025-07-12 23:49:16|-1|-1|INFO|C:/Users/MeGaNeKo/Downloads/programming/golang/ProjectTemplateBE/cmd/start_rest.go|86|CONNECT,DELETE,GET,HEAD,OPTIONS,PATCH,POST,PUT,TRACE /docs/*
2025-07-12 23:49:16|-1|-1|INFO|C:/Users/MeGaNeKo/Downloads/programming/golang/ProjectTemplateBE/cmd/start_rest.go|86|GET,POST /test/items/
2025-07-12 23:49:16|-1|-1|INFO|C:/Users/MeGaNeKo/Downloads/programming/golang/ProjectTemplateBE/cmd/start_rest.go|86|DELETE,GET,PUT /test/items/{id:[0-9]+}
2025-07-12 23:49:16|-1|-1|INFO|C:/Users/MeGaNeKo/Downloads/programming/golang/ProjectTemplateBE/cmd/start_rest.go|86|GET /test/system/crash
2025-07-12 23:49:16|-1|-1|INFO|C:/Users/MeGaNeKo/Downloads/programming/golang/ProjectTemplateBE/cmd/start_rest.go|86|GET /test/system/echo
2025-07-12 23:49:16|-1|-1|INFO|C:/Users/MeGaNeKo/Downloads/programming/golang/ProjectTemplateBE/cmd/start_rest.go|86|GET /test/system/long
2025-07-12 23:49:16|-1|-1|INFO|C:/Users/MeGaNeKo/Downloads/programming/golang/ProjectTemplateBE/cmd/start_rest.go|183|Starting server at [::]:8080
2025-07-12 23:49:20|-1|-1|INFO|C:/Users/MeGaNeKo/Downloads/programming/golang/ProjectTemplateBE/cmd/start_rest.go|207|Shutting down the server (via panic or signal)
2025-07-12 23:49:20|-1|-1|INFO|C:/Users/MeGaNeKo/Downloads/programming/golang/ProjectTemplateBE/cmd/start_rest.go|57|Failed to start the server: accept tcp [::]:8080: use of closed network connection
2025-07-12 23:49:21|-1|-1|INFO|C:/Users/MeGaNeKo/Downloads/programming/golang/ProjectTemplateBE/cmd/start_rest.go|125|Registered routes:
2025-07-12 23:49:21|-1|-1|INFO|C:/Users/MeGaNeKo/Downloads/programming/golang/ProjectTemplateBE/cmd/start_rest.go|86|CONNECT,DELETE,GET,HEAD,OPTIONS,PATCH,POST,PUT,TRACE /docs/*
2025-07-12 23:49:21|-1|-1|INFO|C:/Users/MeGaNeKo/Downloads/programming/golang/ProjectTemplateBE/cmd/start_rest.go|86|GET,POST /test/items/
2025-07-12 23:49:21|-1|-1|INFO|C:/Users/MeGaNeKo/Downloads/programming/golang/ProjectTemplateBE/cmd/start_rest.go|86|DELETE,GET,PUT /test/items/{id:[0-9]+}
2025-07-12 23:49:21|-1|-1|INFO|C:/Users/MeGaNeKo/Downloads/programming/golang/ProjectTemplateBE/cmd/start_rest.go|86|GET /test/system/crash
2025-07-12 23:49:21|-1|-1|INFO|C:/Users/MeGaNeKo/Downloads/programming/golang/ProjectTemplateBE/cmd/start_rest.go|86|GET /test/system/echo
2025-07-12 23:49:21|-1|-1|INFO|C:/Users/MeGaNeKo/Downloads/programming/golang/ProjectTemplateBE/cmd/start_rest.go|86|GET /test/system/long
2025-07-12 23:49:21|-1|-1|INFO|C:/Users/MeGaNeKo/Downloads/programming/golang/ProjectTemplateBE/cmd/start_rest.go|183|Starting server at [::]:8080
2025-07-12 23:50:28|-1|-1|INFO|C:/Users/MeGaNeKo/Downloads/programming/golang/ProjectTemplateBE/cmd/start_rest.go|207|Shutting down the server (via panic or signal)
2025-07-12 23:50:28|-1|-1|INFO|C:/Users/MeGaNeKo/Downloads/programming/golang/ProjectTemplateBE/cmd/start_rest.go|57|Failed to start the server: accept tcp [::]:8080: use of closed network connection
2025-07-12 23:50:30|-1|-1|INFO|C:/Users/MeGaNeKo/Downloads/programming/golang/ProjectTemplateBE/cmd/start_rest.go|125|Registered routes:
2025-07-12 23:50:30|-1|-1|INFO|C:/Users/MeGaNeKo/Downloads/programming/golang/ProjectTemplateBE/cmd/start_rest.go|86|CONNECT,DELETE,GET,HEAD,OPTIONS,PATCH,POST,PUT,TRACE /docs/*
2025-07-12 23:50:30|-1|-1|INFO|C:/Users/MeGaNeKo/Downloads/programming/golang/ProjectTemplateBE/cmd/start_rest.go|86|GET,POST /items/
2025-07-12 23:50:30|-1|-1|INFO|C:/Users/MeGaNeKo/Downloads/programming/golang/ProjectTemplateBE/cmd/start_rest.go|86|DELETE,GET,PUT /items/{id:[0-9]+}
2025-07-12 23:50:30|-1|-1|INFO|C:/Users/MeGaNeKo/Downloads/programming/golang/ProjectTemplateBE/cmd/start_rest.go|86|GET /system/crash
2025-07-12 23:50:30|-1|-1|INFO|C:/Users/MeGaNeKo/Downloads/programming/golang/ProjectTemplateBE/cmd/start_rest.go|86|GET /system/echo
2025-07-12 23:50:30|-1|-1|INFO|C:/Users/MeGaNeKo/Downloads/programming/golang/ProjectTemplateBE/cmd/start_rest.go|86|GET /system/long
2025-07-12 23:50:30|-1|-1|INFO|C:/Users/MeGaNeKo/Downloads/programming/golang/ProjectTemplateBE/cmd/start_rest.go|183|Starting server at [::]:8080
2025-07-12 23:50:41|-1|-1|INFO|C:/Users/MeGaNeKo/Downloads/programming/golang/ProjectTemplateBE/cmd/start_rest.go|57|Failed to start the server: accept tcp [::]:8080: use of closed network connection
2025-07-12 23:50:52|-1|-1|INFO|C:/Users/MeGaNeKo/Downloads/programming/golang/ProjectTemplateBE/cmd/start_rest.go|125|Registered routes:
2025-07-12 23:50:52|-1|-1|INFO|C:/Users/MeGaNeKo/Downloads/programming/golang/ProjectTemplateBE/cmd/start_rest.go|86|CONNECT,DELETE,GET,HEAD,OPTIONS,PATCH,POST,PUT,TRACE /test/docs/*
2025-07-12 23:50:52|-1|-1|INFO|C:/Users/MeGaNeKo/Downloads/programming/golang/ProjectTemplateBE/cmd/start_rest.go|86|GET,POST /test/items/
2025-07-12 23:50:52|-1|-1|INFO|C:/Users/MeGaNeKo/Downloads/programming/golang/ProjectTemplateBE/cmd/start_rest.go|86|DELETE,GET,PUT /test/items/{id:[0-9]+}
2025-07-12 23:50:52|-1|-1|INFO|C:/Users/MeGaNeKo/Downloads/programming/golang/ProjectTemplateBE/cmd/start_rest.go|86|GET /test/system/crash
2025-07-12 23:50:52|-1|-1|INFO|C:/Users/MeGaNeKo/Downloads/programming/golang/ProjectTemplateBE/cmd/start_rest.go|86|GET /test/system/echo
2025-07-12 23:50:52|-1|-1|INFO|C:/Users/MeGaNeKo/Downloads/programming/golang/ProjectTemplateBE/cmd/start_rest.go|86|GET /test/system/long
2025-07-12 23:50:52|-1|-1|INFO|C:/Users/MeGaNeKo/Downloads/programming/golang/ProjectTemplateBE/cmd/start_rest.go|183|Starting server at [::]:8080
2025-07-12 23:51:37|-1|-1|INFO|C:/Users/MeGaNeKo/Downloads/programming/golang/ProjectTemplateBE/cmd/start_rest.go|57|Failed to start the server: accept tcp [::]:8080: use of closed network connection
2025-07-12 23:51:37|-1|-1|INFO|C:/Users/MeGaNeKo/Downloads/programming/golang/ProjectTemplateBE/cmd/start_rest.go|207|Shutting down the server (via panic or signal)
2025-07-12 23:51:38|-1|-1|INFO|C:/Users/MeGaNeKo/Downloads/programming/golang/ProjectTemplateBE/cmd/start_rest.go|125|Registered routes:
2025-07-12 23:51:38|-1|-1|INFO|C:/Users/MeGaNeKo/Downloads/programming/golang/ProjectTemplateBE/cmd/start_rest.go|86|CONNECT,DELETE,GET,HEAD,OPTIONS,PATCH,POST,PUT,TRACE /docs/*
2025-07-12 23:51:38|-1|-1|INFO|C:/Users/MeGaNeKo/Downloads/programming/golang/ProjectTemplateBE/cmd/start_rest.go|86|GET,POST /items/
2025-07-12 23:51:38|-1|-1|INFO|C:/Users/MeGaNeKo/Downloads/programming/golang/ProjectTemplateBE/cmd/start_rest.go|86|DELETE,GET,PUT /items/{id:[0-9]+}
2025-07-12 23:51:38|-1|-1|INFO|C:/Users/MeGaNeKo/Downloads/programming/golang/ProjectTemplateBE/cmd/start_rest.go|86|GET /system/crash
2025-07-12 23:51:38|-1|-1|INFO|C:/Users/MeGaNeKo/Downloads/programming/golang/ProjectTemplateBE/cmd/start_rest.go|86|GET /system/echo
2025-07-12 23:51:38|-1|-1|INFO|C:/Users/MeGaNeKo/Downloads/programming/golang/ProjectTemplateBE/cmd/start_rest.go|86|GET /system/long
2025-07-12 23:51:38|-1|-1|INFO|C:/Users/MeGaNeKo/Downloads/programming/golang/ProjectTemplateBE/cmd/start_rest.go|183|Starting server at [::]:8080
2025-07-12 23:51:48|-1|-1|INFO|C:/Users/MeGaNeKo/Downloads/programming/golang/ProjectTemplateBE/cmd/start_rest.go|57|Failed to start the server: accept tcp [::]:8080: use of closed network connection
2025-07-12 23:51:48|-1|-1|INFO|C:/Users/MeGaNeKo/Downloads/programming/golang/ProjectTemplateBE/cmd/start_rest.go|125|Registered routes:
2025-07-12 23:51:48|-1|-1|INFO|C:/Users/MeGaNeKo/Downloads/programming/golang/ProjectTemplateBE/cmd/start_rest.go|86|CONNECT,DELETE,GET,HEAD,OPTIONS,PATCH,POST,PUT,TRACE /test/docs/*
2025-07-12 23:51:48|-1|-1|INFO|C:/Users/MeGaNeKo/Downloads/programming/golang/ProjectTemplateBE/cmd/start_rest.go|86|GET,POST /test/items/
2025-07-12 23:51:48|-1|-1|INFO|C:/Users/MeGaNeKo/Downloads/programming/golang/ProjectTemplateBE/cmd/start_rest.go|86|DELETE,GET,PUT /test/items/{id:[0-9]+}
2025-07-12 23:51:48|-1|-1|INFO|C:/Users/MeGaNeKo/Downloads/programming/golang/ProjectTemplateBE/cmd/start_rest.go|86|GET /test/system/crash
2025-07-12 23:51:48|-1|-1|INFO|C:/Users/MeGaNeKo/Downloads/programming/golang/ProjectTemplateBE/cmd/start_rest.go|86|GET /test/system/echo
2025-07-12 23:51:48|-1|-1|INFO|C:/Users/MeGaNeKo/Downloads/programming/golang/ProjectTemplateBE/cmd/start_rest.go|86|GET /test/system/long
2025-07-12 23:51:48|-1|-1|INFO|C:/Users/MeGaNeKo/Downloads/programming/golang/ProjectTemplateBE/cmd/start_rest.go|183|Starting server at [::]:8080
2025-07-12 23:52:46|-1|-1|INFO|C:/Users/MeGaNeKo/Downloads/programming/golang/ProjectTemplateBE/cmd/start_rest.go|207|Shutting down the server (via panic or signal)
2025-07-12 23:52:46|-1|-1|INFO|C:/Users/MeGaNeKo/Downloads/programming/golang/ProjectTemplateBE/cmd/start_rest.go|57|Failed to start the server: accept tcp [::]:8080: use of closed network connection
2025-07-12 23:52:47|-1|-1|INFO|C:/Users/MeGaNeKo/Downloads/programming/golang/ProjectTemplateBE/cmd/start_rest.go|125|Registered routes:
2025-07-12 23:52:47|-1|-1|INFO|C:/Users/MeGaNeKo/Downloads/programming/golang/ProjectTemplateBE/cmd/start_rest.go|86|CONNECT,DELETE,GET,HEAD,OPTIONS,PATCH,POST,PUT,TRACE /docs/*
2025-07-12 23:52:47|-1|-1|INFO|C:/Users/MeGaNeKo/Downloads/programming/golang/ProjectTemplateBE/cmd/start_rest.go|86|GET,POST /test/items/
2025-07-12 23:52:47|-1|-1|INFO|C:/Users/MeGaNeKo/Downloads/programming/golang/ProjectTemplateBE/cmd/start_rest.go|86|DELETE,GET,PUT /test/items/{id:[0-9]+}
2025-07-12 23:52:47|-1|-1|INFO|C:/Users/MeGaNeKo/Downloads/programming/golang/ProjectTemplateBE/cmd/start_rest.go|86|GET /test/system/crash
2025-07-12 23:52:47|-1|-1|INFO|C:/Users/MeGaNeKo/Downloads/programming/golang/ProjectTemplateBE/cmd/start_rest.go|86|GET /test/system/echo
2025-07-12 23:52:47|-1|-1|INFO|C:/Users/MeGaNeKo/Downloads/programming/golang/ProjectTemplateBE/cmd/start_rest.go|86|GET /test/system/long
2025-07-12 23:52:47|-1|-1|INFO|C:/Users/MeGaNeKo/Downloads/programming/golang/ProjectTemplateBE/cmd/start_rest.go|183|Starting server at [::]:8080
2025-07-13 00:04:40|-1|-1|INFO|C:/Users/MeGaNeKo/Downloads/programming/golang/ProjectTemplateBE/cmd/start_rest.go|207|Shutting down the server (via panic or signal)
2025-07-13 00:04:40|-1|-1|INFO|C:/Users/MeGaNeKo/Downloads/programming/golang/ProjectTemplateBE/cmd/start_rest.go|57|Failed to start the server: accept tcp [::]:8080: use of closed network connection
2025-07-13 00:04:41|-1|-1|INFO|C:/Users/MeGaNeKo/Downloads/programming/golang/ProjectTemplateBE/cmd/start_rest.go|125|Registered routes:
2025-07-13 00:04:41|-1|-1|INFO|C:/Users/MeGaNeKo/Downloads/programming/golang/ProjectTemplateBE/cmd/start_rest.go|86|CONNECT,DELETE,GET,HEAD,OPTIONS,PATCH,POST,PUT,TRACE /docs/*
2025-07-13 00:04:41|-1|-1|INFO|C:/Users/MeGaNeKo/Downloads/programming/golang/ProjectTemplateBE/cmd/start_rest.go|86|GET,POST /test/items/
2025-07-13 00:04:41|-1|-1|INFO|C:/Users/MeGaNeKo/Downloads/programming/golang/ProjectTemplateBE/cmd/start_rest.go|86|DELETE,GET,PUT /test/items/{id:[0-9]+}
2025-07-13 00:04:41|-1|-1|INFO|C:/Users/MeGaNeKo/Downloads/programming/golang/ProjectTemplateBE/cmd/start_rest.go|86|GET /test/system/crash
2025-07-13 00:04:41|-1|-1|INFO|C:/Users/MeGaNeKo/Downloads/programming/golang/ProjectTemplateBE/cmd/start_rest.go|86|GET /test/system/echo
2025-07-13 00:04:41|-1|-1|INFO|C:/Users/MeGaNeKo/Downloads/programming/golang/ProjectTemplateBE/cmd/start_rest.go|86|GET /test/system/long
2025-07-13 00:04:41|-1|-1|INFO|C:/Users/MeGaNeKo/Downloads/programming/golang/ProjectTemplateBE/cmd/start_rest.go|183|Starting server at [::]:8080
2025-07-13 01:51:57|-1|-1|INFO|C:/Users/MeGaNeKo/Downloads/programming/golang/ProjectTemplateBE/cmd/start_rest.go|207|Shutting down the server (via panic or signal)
2025-07-13 01:51:57|-1|-1|INFO|C:/Users/MeGaNeKo/Downloads/programming/golang/ProjectTemplateBE/cmd/start_rest.go|57|Failed to start the server: accept tcp [::]:8080: use of closed network connection
2025-07-13 01:52:09|-1|-1|INFO|C:/Users/MeGaNeKo/Downloads/programming/golang/ProjectTemplateBE/cmd/start_rest.go|124|Registered routes:
2025-07-13 01:52:09|-1|-1|INFO|C:/Users/MeGaNeKo/Downloads/programming/golang/ProjectTemplateBE/cmd/start_rest.go|87|CONNECT,DELETE,GET,HEAD,OPTIONS,PATCH,POST,PUT,TRACE /test/docs/*
2025-07-13 01:52:09|-1|-1|INFO|C:/Users/MeGaNeKo/Downloads/programming/golang/ProjectTemplateBE/cmd/start_rest.go|87|GET,POST /test/items/
2025-07-13 01:52:09|-1|-1|INFO|C:/Users/MeGaNeKo/Downloads/programming/golang/ProjectTemplateBE/cmd/start_rest.go|87|DELETE,GET,PUT /test/items/{id:[0-9]+}
2025-07-13 01:52:09|-1|-1|INFO|C:/Users/MeGaNeKo/Downloads/programming/golang/ProjectTemplateBE/cmd/start_rest.go|87|GET /test/system/crash
2025-07-13 01:52:09|-1|-1|INFO|C:/Users/MeGaNeKo/Downloads/programming/golang/ProjectTemplateBE/cmd/start_rest.go|87|GET /test/system/echo
2025-07-13 01:52:09|-1|-1|INFO|C:/Users/MeGaNeKo/Downloads/programming/golang/ProjectTemplateBE/cmd/start_rest.go|87|GET /test/system/long
2025-07-13 01:52:09|-1|-1|INFO|C:/Users/MeGaNeKo/Downloads/programming/golang/ProjectTemplateBE/cmd/start_rest.go|182|Starting server at [::]:8080
2025-07-13 02:12:27|-1|-1|INFO|C:/Users/MeGaNeKo/Downloads/programming/golang/ProjectTemplateBE/cmd/start_rest.go|206|Shutting down the server (via panic or signal)
2025-07-13 02:12:27|-1|-1|INFO|C:/Users/MeGaNeKo/Downloads/programming/golang/ProjectTemplateBE/cmd/start_rest.go|58|Failed to start the server: accept tcp [::]:8080: use of closed network connection
2025-07-13 02:25:27|-1|-1|INFO|C:/Users/MeGaNeKo/Downloads/programming/golang/ProjectTemplateBE/cmd/start_rest.go|124|Registered routes:
2025-07-13 02:25:27|-1|-1|INFO|C:/Users/MeGaNeKo/Downloads/programming/golang/ProjectTemplateBE/cmd/start_rest.go|87|CONNECT,DELETE,GET,HEAD,OPTIONS,PATCH,POST,PUT,TRACE /test/docs/*
2025-07-13 02:25:27|-1|-1|INFO|C:/Users/MeGaNeKo/Downloads/programming/golang/ProjectTemplateBE/cmd/start_rest.go|87|GET,POST /test/items/
2025-07-13 02:25:27|-1|-1|INFO|C:/Users/MeGaNeKo/Downloads/programming/golang/ProjectTemplateBE/cmd/start_rest.go|87|DELETE,GET,PUT /test/items/{id:[0-9]+}
2025-07-13 02:25:27|-1|-1|INFO|C:/Users/MeGaNeKo/Downloads/programming/golang/ProjectTemplateBE/cmd/start_rest.go|87|GET /test/system/crash
2025-07-13 02:25:27|-1|-1|INFO|C:/Users/MeGaNeKo/Downloads/programming/golang/ProjectTemplateBE/cmd/start_rest.go|87|GET /test/system/echo
2025-07-13 02:25:27|-1|-1|INFO|C:/Users/MeGaNeKo/Downloads/programming/golang/ProjectTemplateBE/cmd/start_rest.go|87|GET /test/system/long
2025-07-13 02:25:27|-1|-1|INFO|C:/Users/MeGaNeKo/Downloads/programming/golang/ProjectTemplateBE/cmd/start_rest.go|182|Starting server at [::]:8080
2025-07-13 02:25:28|-1|-1|INFO|C:/Users/MeGaNeKo/Downloads/programming/golang/ProjectTemplateBE/cmd/start_rest.go|58|Failed to start the server: accept tcp [::]:8080: use of closed network connection
2025-07-13 02:25:28|-1|-1|INFO|C:/Users/MeGaNeKo/Downloads/programming/golang/ProjectTemplateBE/cmd/start_rest.go|206|Shutting down the server (via panic or signal)
2025-07-13 02:26:01|-1|-1|INFO|C:/Users/MeGaNeKo/Downloads/programming/golang/ProjectTemplateBE/cmd/start_rest.go|124|Registered routes:
2025-07-13 02:26:01|-1|-1|INFO|C:/Users/MeGaNeKo/Downloads/programming/golang/ProjectTemplateBE/cmd/start_rest.go|87|CONNECT,DELETE,GET,HEAD,OPTIONS,PATCH,POST,PUT,TRACE /test/docs/*
2025-07-13 02:26:01|-1|-1|INFO|C:/Users/MeGaNeKo/Downloads/programming/golang/ProjectTemplateBE/cmd/start_rest.go|87|GET,POST /test/items/
2025-07-13 02:26:01|-1|-1|INFO|C:/Users/MeGaNeKo/Downloads/programming/golang/ProjectTemplateBE/cmd/start_rest.go|87|DELETE,GET,PUT /test/items/{id:[0-9]+}
2025-07-13 02:26:01|-1|-1|INFO|C:/Users/MeGaNeKo/Downloads/programming/golang/ProjectTemplateBE/cmd/start_rest.go|87|GET /test/system/crash
2025-07-13 02:26:01|-1|-1|INFO|C:/Users/MeGaNeKo/Downloads/programming/golang/ProjectTemplateBE/cmd/start_rest.go|87|GET /test/system/echo
2025-07-13 02:26:01|-1|-1|INFO|C:/Users/MeGaNeKo/Downloads/programming/golang/ProjectTemplateBE/cmd/start_rest.go|87|GET /test/system/long
2025-07-13 02:26:01|-1|-1|INFO|C:/Users/MeGaNeKo/Downloads/programming/golang/ProjectTemplateBE/cmd/start_rest.go|182|Starting server at [::]:8080
2025-07-13 02:26:21|-1|-1|INFO|C:/Users/MeGaNeKo/Downloads/programming/golang/ProjectTemplateBE/cmd/start_rest.go|58|Failed to start the server: accept tcp [::]:8080: use of closed network connection
2025-07-13 02:26:21|-1|-1|INFO|C:/Users/MeGaNeKo/Downloads/programming/golang/ProjectTemplateBE/cmd/start_rest.go|206|Shutting down the server (via panic or signal)
2025-07-25 23:38:43|-1|-1|INFO|C:/Users/MeGaNeKo/Downloads/programming/golang/ProjectTemplateBE/cmd/start_rest.go|138|Registered routes:
2025-07-25 23:38:43|-1|-1|INFO|C:/Users/MeGaNeKo/Downloads/programming/golang/ProjectTemplateBE/cmd/start_rest.go|87|CONNECT,DELETE,GET,HEAD,OPTIONS,PATCH,POST,PUT,TRACE /test/docs/*
2025-07-25 23:38:43|-1|-1|INFO|C:/Users/MeGaNeKo/Downloads/programming/golang/ProjectTemplateBE/cmd/start_rest.go|87|GET /test/files/download
2025-07-25 23:38:43|-1|-1|INFO|C:/Users/MeGaNeKo/Downloads/programming/golang/ProjectTemplateBE/cmd/start_rest.go|87|POST /test/files/form
2025-07-25 23:38:43|-1|-1|INFO|C:/Users/MeGaNeKo/Downloads/programming/golang/ProjectTemplateBE/cmd/start_rest.go|87|POST /test/files/upload
2025-07-25 23:38:43|-1|-1|INFO|C:/Users/MeGaNeKo/Downloads/programming/golang/ProjectTemplateBE/cmd/start_rest.go|87|GET,POST /test/items/
2025-07-25 23:38:43|-1|-1|INFO|C:/Users/MeGaNeKo/Downloads/programming/golang/ProjectTemplateBE/cmd/start_rest.go|87|DELETE,GET,PUT /test/items/{id:[0-9]+}
2025-07-25 23:38:43|-1|-1|INFO|C:/Users/MeGaNeKo/Downloads/programming/golang/ProjectTemplateBE/cmd/start_rest.go|87|GET /test/system/crash
2025-07-25 23:38:43|-1|-1|INFO|C:/Users/MeGaNeKo/Downloads/programming/golang/ProjectTemplateBE/cmd/start_rest.go|87|GET /test/system/echo
2025-07-25 23:38:43|-1|-1|INFO|C:/Users/MeGaNeKo/Downloads/programming/golang/ProjectTemplateBE/cmd/start_rest.go|87|GET /test/system/long
2025-07-25 23:38:43|-1|-1|INFO|C:/Users/MeGaNeKo/Downloads/programming/golang/ProjectTemplateBE/cmd/start_rest.go|196|Starting server at [::]:8080
2025-07-25 23:40:42|-1|-1|INFO|C:/Users/MeGaNeKo/Downloads/programming/golang/ProjectTemplateBE/cmd/start_rest.go|58|Failed to start the server: accept tcp [::]:8080: use of closed network connection
2025-07-25 23:40:42|-1|-1|INFO|C:/Users/MeGaNeKo/Downloads/programming/golang/ProjectTemplateBE/cmd/start_rest.go|220|Shutting down the server (via panic or signal)
2025-07-27 01:07:19|-1|-1|INFO|C:/Users/MeGaNeKo/Downloads/programming/golang/ProjectTemplateBE/cmd/start_rest.go|138|Registered routes:
2025-07-27 01:07:19|-1|-1|INFO|C:/Users/MeGaNeKo/Downloads/programming/golang/ProjectTemplateBE/cmd/start_rest.go|87|CONNECT,DELETE,GET,HEAD,OPTIONS,PATCH,POST,PUT,TRACE /docs/*
2025-07-27 01:07:19|-1|-1|INFO|C:/Users/MeGaNeKo/Downloads/programming/golang/ProjectTemplateBE/cmd/start_rest.go|87|GET /files/download
2025-07-27 01:07:19|-1|-1|INFO|C:/Users/MeGaNeKo/Downloads/programming/golang/ProjectTemplateBE/cmd/start_rest.go|87|POST /files/form
2025-07-27 01:07:19|-1|-1|INFO|C:/Users/MeGaNeKo/Downloads/programming/golang/ProjectTemplateBE/cmd/start_rest.go|87|POST /files/upload
2025-07-27 01:07:19|-1|-1|INFO|C:/Users/MeGaNeKo/Downloads/programming/golang/ProjectTemplateBE/cmd/start_rest.go|87|GET,POST /items/
2025-07-27 01:07:19|-1|-1|INFO|C:/Users/MeGaNeKo/Downloads/programming/golang/ProjectTemplateBE/cmd/start_rest.go|87|DELETE,GET,PUT /items/{id:[0-9]+}
2025-07-27 01:07:19|-1|-1|INFO|C:/Users/MeGaNeKo/Downloads/programming/golang/ProjectTemplateBE/cmd/start_rest.go|87|GET /system/crash
2025-07-27 01:07:19|-1|-1|INFO|C:/Users/MeGaNeKo/Downloads/programming/golang/ProjectTemplateBE/cmd/start_rest.go|87|GET /system/echo
2025-07-27 01:07:19|-1|-1|INFO|C:/Users/MeGaNeKo/Downloads/programming/golang/ProjectTemplateBE/cmd/start_rest.go|87|GET /system/long
2025-07-27 01:07:19|-1|-1|INFO|C:/Users/MeGaNeKo/Downloads/programming/golang/ProjectTemplateBE/cmd/start_rest.go|196|Starting server at [::]:8080
2025-07-27 01:08:01|-1|-1|INFO|C:/Users/MeGaNeKo/Downloads/programming/golang/ProjectTemplateBE/cmd/start_rest.go|58|Failed to start the server: accept tcp [::]:8080: use of closed network connection
2025-07-27 01:08:02|-1|-1|INFO|C:/Users/MeGaNeKo/Downloads/programming/golang/ProjectTemplateBE/cmd/start_rest.go|138|Registered routes:
2025-07-27 01:08:02|-1|-1|INFO|C:/Users/MeGaNeKo/Downloads/programming/golang/ProjectTemplateBE/cmd/start_rest.go|87|CONNECT,DELETE,GET,HEAD,OPTIONS,PATCH,POST,PUT,TRACE /docs/*
2025-07-27 01:08:02|-1|-1|INFO|C:/Users/MeGaNeKo/Downloads/programming/golang/ProjectTemplateBE/cmd/start_rest.go|87|GET /files/download
2025-07-27 01:08:02|-1|-1|INFO|C:/Users/MeGaNeKo/Downloads/programming/golang/ProjectTemplateBE/cmd/start_rest.go|87|POST /files/form
2025-07-27 01:08:02|-1|-1|INFO|C:/Users/MeGaNeKo/Downloads/programming/golang/ProjectTemplateBE/cmd/start_rest.go|87|POST /files/upload
2025-07-27 01:08:02|-1|-1|INFO|C:/Users/MeGaNeKo/Downloads/programming/golang/ProjectTemplateBE/cmd/start_rest.go|87|GET,POST /items/
2025-07-27 01:08:02|-1|-1|INFO|C:/Users/MeGaNeKo/Downloads/programming/golang/ProjectTemplateBE/cmd/start_rest.go|87|DELETE,GET,PUT /items/{id:[0-9]+}
2025-07-27 01:08:02|-1|-1|INFO|C:/Users/MeGaNeKo/Downloads/programming/golang/ProjectTemplateBE/cmd/start_rest.go|87|GET /system/crash
2025-07-27 01:08:02|-1|-1|INFO|C:/Users/MeGaNeKo/Downloads/programming/golang/ProjectTemplateBE/cmd/start_rest.go|87|GET /system/echo
2025-07-27 01:08:02|-1|-1|INFO|C:/Users/MeGaNeKo/Downloads/programming/golang/ProjectTemplateBE/cmd/start_rest.go|87|GET /system/long
2025-07-27 01:08:02|-1|-1|INFO|C:/Users/MeGaNeKo/Downloads/programming/golang/ProjectTemplateBE/cmd/start_rest.go|196|Starting server at [::]:8080
2025-07-27 01:08:29|-1|-1|INFO|C:/Users/MeGaNeKo/Downloads/programming/golang/ProjectTemplateBE/cmd/start_rest.go|58|Failed to start the server: accept tcp [::]:8080: use of closed network connection
2025-07-27 01:08:29|-1|-1|INFO|C:/Users/MeGaNeKo/Downloads/programming/golang/ProjectTemplateBE/cmd/start_rest.go|220|Shutting down the server (via panic or signal)
2025-07-27 01:08:30|-1|-1|INFO|C:/Users/MeGaNeKo/Downloads/programming/golang/ProjectTemplateBE/cmd/start_rest.go|138|Registered routes:
2025-07-27 01:08:30|-1|-1|INFO|C:/Users/MeGaNeKo/Downloads/programming/golang/ProjectTemplateBE/cmd/start_rest.go|87|CONNECT,DELETE,GET,HEAD,OPTIONS,PATCH,POST,PUT,TRACE /docs/*
2025-07-27 01:08:30|-1|-1|INFO|C:/Users/MeGaNeKo/Downloads/programming/golang/ProjectTemplateBE/cmd/start_rest.go|87|GET /files/download
2025-07-27 01:08:30|-1|-1|INFO|C:/Users/MeGaNeKo/Downloads/programming/golang/ProjectTemplateBE/cmd/start_rest.go|87|POST /files/form
2025-07-27 01:08:30|-1|-1|INFO|C:/Users/MeGaNeKo/Downloads/programming/golang/ProjectTemplateBE/cmd/start_rest.go|87|POST /files/upload
2025-07-27 01:08:30|-1|-1|INFO|C:/Users/MeGaNeKo/Downloads/programming/golang/ProjectTemplateBE/cmd/start_rest.go|87|GET,POST /items/
2025-07-27 01:08:30|-1|-1|INFO|C:/Users/MeGaNeKo/Downloads/programming/golang/ProjectTemplateBE/cmd/start_rest.go|87|DELETE,GET,PUT /items/{id:[0-9]+}
2025-07-27 01:08:30|-1|-1|INFO|C:/Users/MeGaNeKo/Downloads/programming/golang/ProjectTemplateBE/cmd/start_rest.go|87|GET /system/crash
2025-07-27 01:08:30|-1|-1|INFO|C:/Users/MeGaNeKo/Downloads/programming/golang/ProjectTemplateBE/cmd/start_rest.go|87|GET /system/echo
2025-07-27 01:08:30|-1|-1|INFO|C:/Users/MeGaNeKo/Downloads/programming/golang/ProjectTemplateBE/cmd/start_rest.go|87|GET /system/long
2025-07-27 01:08:30|-1|-1|INFO|C:/Users/MeGaNeKo/Downloads/programming/golang/ProjectTemplateBE/cmd/start_rest.go|196|Starting server at [::]:8080
2025-07-27 01:17:25|-1|-1|INFO|C:/Users/MeGaNeKo/Downloads/programming/golang/ProjectTemplateBE/cmd/start_rest.go|220|Shutting down the server (via panic or signal)
2025-07-27 01:17:25|-1|-1|INFO|C:/Users/MeGaNeKo/Downloads/programming/golang/ProjectTemplateBE/cmd/start_rest.go|58|Failed to start the server: accept tcp [::]:8080: use of closed network connection
2025-07-27 01:17:27|-1|-1|INFO|C:/Users/MeGaNeKo/Downloads/programming/golang/ProjectTemplateBE/cmd/start_rest.go|138|Registered routes:
2025-07-27 01:17:27|-1|-1|INFO|C:/Users/MeGaNeKo/Downloads/programming/golang/ProjectTemplateBE/cmd/start_rest.go|87|CONNECT,DELETE,GET,HEAD,OPTIONS,PATCH,POST,PUT,TRACE /docs/*
2025-07-27 01:17:27|-1|-1|INFO|C:/Users/MeGaNeKo/Downloads/programming/golang/ProjectTemplateBE/cmd/start_rest.go|87|GET /files/download
2025-07-27 01:17:27|-1|-1|INFO|C:/Users/MeGaNeKo/Downloads/programming/golang/ProjectTemplateBE/cmd/start_rest.go|87|POST /files/form
2025-07-27 01:17:27|-1|-1|INFO|C:/Users/MeGaNeKo/Downloads/programming/golang/ProjectTemplateBE/cmd/start_rest.go|87|POST /files/upload
2025-07-27 01:17:27|-1|-1|INFO|C:/Users/MeGaNeKo/Downloads/programming/golang/ProjectTemplateBE/cmd/start_rest.go|87|GET,POST /items/
2025-07-27 01:17:27|-1|-1|INFO|C:/Users/MeGaNeKo/Downloads/programming/golang/ProjectTemplateBE/cmd/start_rest.go|87|DELETE,GET,PUT /items/{id:[0-9]+}
2025-07-27 01:17:27|-1|-1|INFO|C:/Users/MeGaNeKo/Downloads/programming/golang/ProjectTemplateBE/cmd/start_rest.go|87|GET /system/crash
2025-07-27 01:17:27|-1|-1|INFO|C:/Users/MeGaNeKo/Downloads/programming/golang/ProjectTemplateBE/cmd/start_rest.go|87|GET /system/echo
2025-07-27 01:17:27|-1|-1|INFO|C:/Users/MeGaNeKo/Downloads/programming/golang/ProjectTemplateBE/cmd/start_rest.go|87|GET /system/long
2025-07-27 01:17:27|-1|-1|INFO|C:/Users/MeGaNeKo/Downloads/programming/golang/ProjectTemplateBE/cmd/start_rest.go|196|Starting server at [::]:8080
2025-07-27 01:18:30|-1|-1|INFO|C:/Users/MeGaNeKo/Downloads/programming/golang/ProjectTemplateBE/cmd/start_rest.go|58|Failed to start the server: accept tcp [::]:8080: use of closed network connection
2025-07-27 01:18:32|-1|-1|INFO|C:/Users/MeGaNeKo/Downloads/programming/golang/ProjectTemplateBE/cmd/start_rest.go|138|Registered routes:
2025-07-27 01:18:32|-1|-1|INFO|C:/Users/MeGaNeKo/Downloads/programming/golang/ProjectTemplateBE/cmd/start_rest.go|87|CONNECT,DELETE,GET,HEAD,OPTIONS,PATCH,POST,PUT,TRACE /docs/*
2025-07-27 01:18:32|-1|-1|INFO|C:/Users/MeGaNeKo/Downloads/programming/golang/ProjectTemplateBE/cmd/start_rest.go|87|GET /files/download
2025-07-27 01:18:32|-1|-1|INFO|C:/Users/MeGaNeKo/Downloads/programming/golang/ProjectTemplateBE/cmd/start_rest.go|87|POST /files/form
2025-07-27 01:18:32|-1|-1|INFO|C:/Users/MeGaNeKo/Downloads/programming/golang/ProjectTemplateBE/cmd/start_rest.go|87|POST /files/upload
2025-07-27 01:18:32|-1|-1|INFO|C:/Users/MeGaNeKo/Downloads/programming/golang/ProjectTemplateBE/cmd/start_rest.go|87|GET,POST /items/
2025-07-27 01:18:32|-1|-1|INFO|C:/Users/MeGaNeKo/Downloads/programming/golang/ProjectTemplateBE/cmd/start_rest.go|87|DELETE,GET,PUT /items/{id:[0-9]+}
2025-07-27 01:18:32|-1|-1|INFO|C:/Users/MeGaNeKo/Downloads/programming/golang/ProjectTemplateBE/cmd/start_rest.go|87|GET /system/crash
2025-07-27 01:18:32|-1|-1|INFO|C:/Users/MeGaNeKo/Downloads/programming/golang/ProjectTemplateBE/cmd/start_rest.go|87|GET /system/echo
2025-07-27 01:18:32|-1|-1|INFO|C:/Users/MeGaNeKo/Downloads/programming/golang/ProjectTemplateBE/cmd/start_rest.go|87|GET /system/long
2025-07-27 01:18:32|-1|-1|INFO|C:/Users/MeGaNeKo/Downloads/programming/golang/ProjectTemplateBE/cmd/start_rest.go|196|Starting server at [::]:8080
2025-07-27 01:18:42|-1|-1|INFO|C:/Users/MeGaNeKo/Downloads/programming/golang/ProjectTemplateBE/cmd/start_rest.go|58|Failed to start the server: accept tcp [::]:8080: use of closed network connection
2025-07-27 01:18:42|-1|-1|INFO|C:/Users/MeGaNeKo/Downloads/programming/golang/ProjectTemplateBE/cmd/start_rest.go|220|Shutting down the server (via panic or signal)
2025-07-27 01:18:45|-1|-1|INFO|C:/Users/MeGaNeKo/Downloads/programming/golang/ProjectTemplateBE/cmd/start_rest.go|138|Registered routes:
2025-07-27 01:18:45|-1|-1|INFO|C:/Users/MeGaNeKo/Downloads/programming/golang/ProjectTemplateBE/cmd/start_rest.go|87|CONNECT,DELETE,GET,HEAD,OPTIONS,PATCH,POST,PUT,TRACE /docs/*
2025-07-27 01:18:45|-1|-1|INFO|C:/Users/MeGaNeKo/Downloads/programming/golang/ProjectTemplateBE/cmd/start_rest.go|87|GET /files/download
2025-07-27 01:18:45|-1|-1|INFO|C:/Users/MeGaNeKo/Downloads/programming/golang/ProjectTemplateBE/cmd/start_rest.go|87|POST /files/form
2025-07-27 01:18:45|-1|-1|INFO|C:/Users/MeGaNeKo/Downloads/programming/golang/ProjectTemplateBE/cmd/start_rest.go|87|POST /files/upload
2025-07-27 01:18:45|-1|-1|INFO|C:/Users/MeGaNeKo/Downloads/programming/golang/ProjectTemplateBE/cmd/start_rest.go|87|GET,POST /items/
2025-07-27 01:18:45|-1|-1|INFO|C:/Users/MeGaNeKo/Downloads/programming/golang/ProjectTemplateBE/cmd/start_rest.go|87|DELETE,GET,PUT /items/{id:[0-9]+}
2025-07-27 01:18:45|-1|-1|INFO|C:/Users/MeGaNeKo/Downloads/programming/golang/ProjectTemplateBE/cmd/start_rest.go|87|GET /system/crash
2025-07-27 01:18:45|-1|-1|INFO|C:/Users/MeGaNeKo/Downloads/programming/golang/ProjectTemplateBE/cmd/start_rest.go|87|GET /system/echo
2025-07-27 01:18:45|-1|-1|INFO|C:/Users/MeGaNeKo/Downloads/programming/golang/ProjectTemplateBE/cmd/start_rest.go|87|GET /system/long
2025-07-27 01:18:45|-1|-1|INFO|C:/Users/MeGaNeKo/Downloads/programming/golang/ProjectTemplateBE/cmd/start_rest.go|196|Starting server at [::]:8080
2025-07-27 01:32:35|-1|-1|INFO|C:/Users/MeGaNeKo/Downloads/programming/golang/ProjectTemplateBE/cmd/start_rest.go|220|Shutting down the server (via panic or signal)
2025-07-27 01:32:35|-1|-1|INFO|C:/Users/MeGaNeKo/Downloads/programming/golang/ProjectTemplateBE/cmd/start_rest.go|58|Failed to start the server: accept tcp [::]:8080: use of closed network connection
2025-07-27 01:32:38|-1|-1|INFO|C:/Users/MeGaNeKo/Downloads/programming/golang/ProjectTemplateBE/cmd/start_rest.go|138|Registered routes:
2025-07-27 01:32:38|-1|-1|INFO|C:/Users/MeGaNeKo/Downloads/programming/golang/ProjectTemplateBE/cmd/start_rest.go|87|CONNECT,DELETE,GET,HEAD,OPTIONS,PATCH,POST,PUT,TRACE /docs/*
2025-07-27 01:32:38|-1|-1|INFO|C:/Users/MeGaNeKo/Downloads/programming/golang/ProjectTemplateBE/cmd/start_rest.go|87|GET /files/download
2025-07-27 01:32:38|-1|-1|INFO|C:/Users/MeGaNeKo/Downloads/programming/golang/ProjectTemplateBE/cmd/start_rest.go|87|POST /files/form
2025-07-27 01:32:38|-1|-1|INFO|C:/Users/MeGaNeKo/Downloads/programming/golang/ProjectTemplateBE/cmd/start_rest.go|87|POST /files/upload
2025-07-27 01:32:38|-1|-1|INFO|C:/Users/MeGaNeKo/Downloads/programming/golang/ProjectTemplateBE/cmd/start_rest.go|87|GET,POST /items/
2025-07-27 01:32:38|-1|-1|INFO|C:/Users/MeGaNeKo/Downloads/programming/golang/ProjectTemplateBE/cmd/start_rest.go|87|DELETE,GET,PUT /items/{id:[0-9]+}
2025-07-27 01:32:38|-1|-1|INFO|C:/Users/MeGaNeKo/Downloads/programming/golang/ProjectTemplateBE/cmd/start_rest.go|87|GET /system/crash
2025-07-27 01:32:38|-1|-1|INFO|C:/Users/MeGaNeKo/Downloads/programming/golang/ProjectTemplateBE/cmd/start_rest.go|87|GET /system/echo
2025-07-27 01:32:38|-1|-1|INFO|C:/Users/MeGaNeKo/Downloads/programming/golang/ProjectTemplateBE/cmd/start_rest.go|87|GET /system/long
2025-07-27 01:32:38|-1|-1|INFO|C:/Users/MeGaNeKo/Downloads/programming/golang/ProjectTemplateBE/cmd/start_rest.go|196|Starting server at [::]:8080
2025-07-27 01:32:50|-1|-1|INFO|C:/Users/MeGaNeKo/Downloads/programming/golang/ProjectTemplateBE/cmd/start_rest.go|58|Failed to start the server: accept tcp [::]:8080: use of closed network connection
2025-07-27 01:32:50|-1|-1|INFO|C:/Users/MeGaNeKo/Downloads/programming/golang/ProjectTemplateBE/cmd/start_rest.go|220|Shutting down the server (via panic or signal)
2025-07-27 01:32:53|-1|-1|INFO|C:/Users/MeGaNeKo/Downloads/programming/golang/ProjectTemplateBE/cmd/start_rest.go|138|Registered routes:
2025-07-27 01:32:53|-1|-1|INFO|C:/Users/MeGaNeKo/Downloads/programming/golang/ProjectTemplateBE/cmd/start_rest.go|87|CONNECT,DELETE,GET,HEAD,OPTIONS,PATCH,POST,PUT,TRACE /docs/*
2025-07-27 01:32:53|-1|-1|INFO|C:/Users/MeGaNeKo/Downloads/programming/golang/ProjectTemplateBE/cmd/start_rest.go|87|GET /files/download
2025-07-27 01:32:53|-1|-1|INFO|C:/Users/MeGaNeKo/Downloads/programming/golang/ProjectTemplateBE/cmd/start_rest.go|87|POST /files/form
2025-07-27 01:32:53|-1|-1|INFO|C:/Users/MeGaNeKo/Downloads/programming/golang/ProjectTemplateBE/cmd/start_rest.go|87|POST /files/upload
2025-07-27 01:32:53|-1|-1|INFO|C:/Users/MeGaNeKo/Downloads/programming/golang/ProjectTemplateBE/cmd/start_rest.go|87|GET,POST /items/
2025-07-27 01:32:53|-1|-1|INFO|C:/Users/MeGaNeKo/Downloads/programming/golang/ProjectTemplateBE/cmd/start_rest.go|87|DELETE,GET,PUT /items/{id:[0-9]+}
2025-07-27 01:32:53|-1|-1|INFO|C:/Users/MeGaNeKo/Downloads/programming/golang/ProjectTemplateBE/cmd/start_rest.go|87|GET /system/crash
2025-07-27 01:32:53|-1|-1|INFO|C:/Users/MeGaNeKo/Downloads/programming/golang/ProjectTemplateBE/cmd/start_rest.go|87|GET /system/echo
2025-07-27 01:32:53|-1|-1|INFO|C:/Users/MeGaNeKo/Downloads/programming/golang/ProjectTemplateBE/cmd/start_rest.go|87|GET /system/long
2025-07-27 01:32:53|-1|-1|INFO|C:/Users/MeGaNeKo/Downloads/programming/golang/ProjectTemplateBE/cmd/start_rest.go|196|Starting server at [::]:8080
2025-07-27 01:41:09|-1|-1|INFO|C:/Users/MeGaNeKo/Downloads/programming/golang/ProjectTemplateBE/cmd/start_rest.go|220|Shutting down the server (via panic or signal)
2025-07-27 01:41:09|-1|-1|INFO|C:/Users/MeGaNeKo/Downloads/programming/golang/ProjectTemplateBE/cmd/start_rest.go|58|Failed to start the server: accept tcp [::]:8080: use of closed network connection
2025-07-27 01:42:16|-1|-1|INFO|C:/Users/MeGaNeKo/Downloads/programming/golang/ProjectTemplateBE/cmd/start_rest.go|138|Registered routes:
2025-07-27 01:42:16|-1|-1|INFO|C:/Users/MeGaNeKo/Downloads/programming/golang/ProjectTemplateBE/cmd/start_rest.go|87|CONNECT,DELETE,GET,HEAD,OPTIONS,PATCH,POST,PUT,TRACE /test/docs/*
2025-07-27 01:42:16|-1|-1|INFO|C:/Users/MeGaNeKo/Downloads/programming/golang/ProjectTemplateBE/cmd/start_rest.go|87|GET /test/files/download
2025-07-27 01:42:16|-1|-1|INFO|C:/Users/MeGaNeKo/Downloads/programming/golang/ProjectTemplateBE/cmd/start_rest.go|87|POST /test/files/form
2025-07-27 01:42:16|-1|-1|INFO|C:/Users/MeGaNeKo/Downloads/programming/golang/ProjectTemplateBE/cmd/start_rest.go|87|POST /test/files/upload
2025-07-27 01:42:16|-1|-1|INFO|C:/Users/MeGaNeKo/Downloads/programming/golang/ProjectTemplateBE/cmd/start_rest.go|87|GET,POST /test/items/
2025-07-27 01:42:16|-1|-1|INFO|C:/Users/MeGaNeKo/Downloads/programming/golang/ProjectTemplateBE/cmd/start_rest.go|87|DELETE,GET,PUT /test/items/{id:[0-9]+}
2025-07-27 01:42:16|-1|-1|INFO|C:/Users/MeGaNeKo/Downloads/programming/golang/ProjectTemplateBE/cmd/start_rest.go|87|GET /test/system/crash
2025-07-27 01:42:16|-1|-1|INFO|C:/Users/MeGaNeKo/Downloads/programming/golang/ProjectTemplateBE/cmd/start_rest.go|87|GET /test/system/echo
2025-07-27 01:42:16|-1|-1|INFO|C:/Users/MeGaNeKo/Downloads/programming/golang/ProjectTemplateBE/cmd/start_rest.go|87|GET /test/system/long
2025-07-27 01:42:16|-1|-1|INFO|C:/Users/MeGaNeKo/Downloads/programming/golang/ProjectTemplateBE/cmd/start_rest.go|196|Starting server at [::]:8080
2025-07-27 01:42:26|-1|-1|INFO|C:/Users/MeGaNeKo/Downloads/programming/golang/ProjectTemplateBE/cmd/start_rest.go|58|Failed to start the server: accept tcp [::]:8080: use of closed network connection
2025-07-27 01:42:30|-1|-1|INFO|C:/Users/MeGaNeKo/Downloads/programming/golang/ProjectTemplateBE/cmd/start_rest.go|138|Registered routes:
2025-07-27 01:42:30|-1|-1|INFO|C:/Users/MeGaNeKo/Downloads/programming/golang/ProjectTemplateBE/cmd/start_rest.go|87|CONNECT,DELETE,GET,HEAD,OPTIONS,PATCH,POST,PUT,TRACE /test/docs/*
2025-07-27 01:42:30|-1|-1|INFO|C:/Users/MeGaNeKo/Downloads/programming/golang/ProjectTemplateBE/cmd/start_rest.go|87|GET /test/files/download
2025-07-27 01:42:30|-1|-1|INFO|C:/Users/MeGaNeKo/Downloads/programming/golang/ProjectTemplateBE/cmd/start_rest.go|87|POST /test/files/form
2025-07-27 01:42:30|-1|-1|INFO|C:/Users/MeGaNeKo/Downloads/programming/golang/ProjectTemplateBE/cmd/start_rest.go|87|POST /test/files/upload
2025-07-27 01:42:30|-1|-1|INFO|C:/Users/MeGaNeKo/Downloads/programming/golang/ProjectTemplateBE/cmd/start_rest.go|87|GET,POST /test/items/
2025-07-27 01:42:30|-1|-1|INFO|C:/Users/MeGaNeKo/Downloads/programming/golang/ProjectTemplateBE/cmd/start_rest.go|87|DELETE,GET,PUT /test/items/{id:[0-9]+}
2025-07-27 01:42:30|-1|-1|INFO|C:/Users/MeGaNeKo/Downloads/programming/golang/ProjectTemplateBE/cmd/start_rest.go|87|GET /test/system/crash
2025-07-27 01:42:30|-1|-1|INFO|C:/Users/MeGaNeKo/Downloads/programming/golang/ProjectTemplateBE/cmd/start_rest.go|87|GET /test/system/echo
2025-07-27 01:42:30|-1|-1|INFO|C:/Users/MeGaNeKo/Downloads/programming/golang/ProjectTemplateBE/cmd/start_rest.go|87|GET /test/system/long
2025-07-27 01:42:30|-1|-1|INFO|C:/Users/MeGaNeKo/Downloads/programming/golang/ProjectTemplateBE/cmd/start_rest.go|196|Starting server at [::]:8080
2025-07-27 01:43:47|-1|-1|INFO|C:/Users/MeGaNeKo/Downloads/programming/golang/ProjectTemplateBE/cmd/start_rest.go|58|Failed to start the server: accept tcp [::]:8080: use of closed network connection
2025-07-27 01:43:47|-1|-1|INFO|C:/Users/MeGaNeKo/Downloads/programming/golang/ProjectTemplateBE/cmd/start_rest.go|220|Shutting down the server (via panic or signal)
2025-07-27 01:51:57|-1|-1|INFO|C:/Users/MeGaNeKo/Downloads/programming/golang/ProjectTemplateBE/cmd/start_rest.go|138|Registered routes:
2025-07-27 01:51:57|-1|-1|INFO|C:/Users/MeGaNeKo/Downloads/programming/golang/ProjectTemplateBE/cmd/start_rest.go|87|CONNECT,DELETE,GET,HEAD,OPTIONS,PATCH,POST,PUT,TRACE /test/docs/*
2025-07-27 01:51:57|-1|-1|INFO|C:/Users/MeGaNeKo/Downloads/programming/golang/ProjectTemplateBE/cmd/start_rest.go|87|GET /test/files/download
2025-07-27 01:51:57|-1|-1|INFO|C:/Users/MeGaNeKo/Downloads/programming/golang/ProjectTemplateBE/cmd/start_rest.go|87|POST /test/files/form
2025-07-27 01:51:57|-1|-1|INFO|C:/Users/MeGaNeKo/Downloads/programming/golang/ProjectTemplateBE/cmd/start_rest.go|87|POST /test/files/upload
2025-07-27 01:51:57|-1|-1|INFO|C:/Users/MeGaNeKo/Downloads/programming/golang/ProjectTemplateBE/cmd/start_rest.go|87|GET,POST /test/items/
2025-07-27 01:51:57|-1|-1|INFO|C:/Users/MeGaNeKo/Downloads/programming/golang/ProjectTemplateBE/cmd/start_rest.go|87|DELETE,GET,PUT /test/items/{id:[0-9]+}
2025-07-27 01:51:57|-1|-1|INFO|C:/Users/MeGaNeKo/Downloads/programming/golang/ProjectTemplateBE/cmd/start_rest.go|87|GET /test/system/crash
2025-07-27 01:51:57|-1|-1|INFO|C:/Users/MeGaNeKo/Downloads/programming/golang/ProjectTemplateBE/cmd/start_rest.go|87|GET /test/system/echo
2025-07-27 01:51:57|-1|-1|INFO|C:/Users/MeGaNeKo/Downloads/programming/golang/ProjectTemplateBE/cmd/start_rest.go|87|GET /test/system/long
2025-07-27 01:51:57|-1|-1|INFO|C:/Users/MeGaNeKo/Downloads/programming/golang/ProjectTemplateBE/cmd/start_rest.go|196|Starting server at [::]:8080
2025-07-27 01:52:04|-1|-1|INFO|C:/Users/MeGaNeKo/Downloads/programming/golang/ProjectTemplateBE/cmd/start_rest.go|58|Failed to start the server: accept tcp [::]:8080: use of closed network connection
2025-07-27 01:52:04|-1|-1|INFO|C:/Users/MeGaNeKo/Downloads/programming/golang/ProjectTemplateBE/cmd/start_rest.go|220|Shutting down the server (via panic or signal)
2025-07-27 01:52:05|-1|-1|INFO|C:/Users/MeGaNeKo/Downloads/programming/golang/ProjectTemplateBE/cmd/start_rest.go|138|Registered routes:
2025-07-27 01:52:05|-1|-1|INFO|C:/Users/MeGaNeKo/Downloads/programming/golang/ProjectTemplateBE/cmd/start_rest.go|87|CONNECT,DELETE,GET,HEAD,OPTIONS,PATCH,POST,PUT,TRACE /test/docs/*
2025-07-27 01:52:05|-1|-1|INFO|C:/Users/MeGaNeKo/Downloads/programming/golang/ProjectTemplateBE/cmd/start_rest.go|87|GET /test/files/download
2025-07-27 01:52:05|-1|-1|INFO|C:/Users/MeGaNeKo/Downloads/programming/golang/ProjectTemplateBE/cmd/start_rest.go|87|POST /test/files/form
2025-07-27 01:52:05|-1|-1|INFO|C:/Users/MeGaNeKo/Downloads/programming/golang/ProjectTemplateBE/cmd/start_rest.go|87|POST /test/files/upload
2025-07-27 01:52:05|-1|-1|INFO|C:/Users/MeGaNeKo/Downloads/programming/golang/ProjectTemplateBE/cmd/start_rest.go|87|GET,POST /test/items/
2025-07-27 01:52:05|-1|-1|INFO|C:/Users/MeGaNeKo/Downloads/programming/golang/ProjectTemplateBE/cmd/start_rest.go|87|DELETE,GET,PUT /test/items/{id:[0-9]+}
2025-07-27 01:52:05|-1|-1|INFO|C:/Users/MeGaNeKo/Downloads/programming/golang/ProjectTemplateBE/cmd/start_rest.go|87|GET /test/system/crash
2025-07-27 01:52:05|-1|-1|INFO|C:/Users/MeGaNeKo/Downloads/programming/golang/ProjectTemplateBE/cmd/start_rest.go|87|GET /test/system/echo
2025-07-27 01:52:05|-1|-1|INFO|C:/Users/MeGaNeKo/Downloads/programming/golang/ProjectTemplateBE/cmd/start_rest.go|87|GET /test/system/long
2025-07-27 01:52:05|-1|-1|INFO|C:/Users/MeGaNeKo/Downloads/programming/golang/ProjectTemplateBE/cmd/start_rest.go|196|Starting server at [::]:8080
2025-07-27 01:52:20|-1|-1|INFO|C:/Users/MeGaNeKo/Downloads/programming/golang/ProjectTemplateBE/cmd/start_rest.go|220|Shutting down the server (via panic or signal)
2025-07-27 01:52:20|-1|-1|INFO|C:/Users/MeGaNeKo/Downloads/programming/golang/ProjectTemplateBE/cmd/start_rest.go|58|Failed to start the server: accept tcp [::]:8080: use of closed network connection
2025-07-27 01:52:22|-1|-1|INFO|C:/Users/MeGaNeKo/Downloads/programming/golang/ProjectTemplateBE/cmd/start_rest.go|138|Registered routes:
2025-07-27 01:52:22|-1|-1|INFO|C:/Users/MeGaNeKo/Downloads/programming/golang/ProjectTemplateBE/cmd/start_rest.go|87|CONNECT,DELETE,GET,HEAD,OPTIONS,PATCH,POST,PUT,TRACE /test/docs/*
2025-07-27 01:52:22|-1|-1|INFO|C:/Users/MeGaNeKo/Downloads/programming/golang/ProjectTemplateBE/cmd/start_rest.go|87|GET /test/files/download
2025-07-27 01:52:22|-1|-1|INFO|C:/Users/MeGaNeKo/Downloads/programming/golang/ProjectTemplateBE/cmd/start_rest.go|87|POST /test/files/form
2025-07-27 01:52:22|-1|-1|INFO|C:/Users/MeGaNeKo/Downloads/programming/golang/ProjectTemplateBE/cmd/start_rest.go|87|POST /test/files/upload
2025-07-27 01:52:22|-1|-1|INFO|C:/Users/MeGaNeKo/Downloads/programming/golang/ProjectTemplateBE/cmd/start_rest.go|87|GET,POST /test/items/
2025-07-27 01:52:22|-1|-1|INFO|C:/Users/MeGaNeKo/Downloads/programming/golang/ProjectTemplateBE/cmd/start_rest.go|87|DELETE,GET,PUT /test/items/{id:[0-9]+}
2025-07-27 01:52:22|-1|-1|INFO|C:/Users/MeGaNeKo/Downloads/programming/golang/ProjectTemplateBE/cmd/start_rest.go|87|GET /test/system/crash
2025-07-27 01:52:22|-1|-1|INFO|C:/Users/MeGaNeKo/Downloads/programming/golang/ProjectTemplateBE/cmd/start_rest.go|87|GET /test/system/echo
2025-07-27 01:52:22|-1|-1|INFO|C:/Users/MeGaNeKo/Downloads/programming/golang/ProjectTemplateBE/cmd/start_rest.go|87|GET /test/system/long
2025-07-27 01:52:22|-1|-1|INFO|C:/Users/MeGaNeKo/Downloads/programming/golang/ProjectTemplateBE/cmd/start_rest.go|196|Starting server at [::]:8080
2025-07-27 01:52:43|-1|-1|INFO|C:/Users/MeGaNeKo/Downloads/programming/golang/ProjectTemplateBE/cmd/start_rest.go|58|Failed to start the server: accept tcp [::]:8080: use of closed network connection
2025-07-27 01:52:43|-1|-1|INFO|C:/Users/MeGaNeKo/Downloads/programming/golang/ProjectTemplateBE/cmd/start_rest.go|220|Shutting down the server (via panic or signal)
2025-07-27 01:52:44|-1|-1|INFO|C:/Users/MeGaNeKo/Downloads/programming/golang/ProjectTemplateBE/cmd/start_rest.go|138|Registered routes:
2025-07-27 01:52:44|-1|-1|INFO|C:/Users/MeGaNeKo/Downloads/programming/golang/ProjectTemplateBE/cmd/start_rest.go|87|CONNECT,DELETE,GET,HEAD,OPTIONS,PATCH,POST,PUT,TRACE /test/docs/*
2025-07-27 01:52:44|-1|-1|INFO|C:/Users/MeGaNeKo/Downloads/programming/golang/ProjectTemplateBE/cmd/start_rest.go|87|GET /test/files/download
2025-07-27 01:52:44|-1|-1|INFO|C:/Users/MeGaNeKo/Downloads/programming/golang/ProjectTemplateBE/cmd/start_rest.go|87|POST /test/files/form
2025-07-27 01:52:44|-1|-1|INFO|C:/Users/MeGaNeKo/Downloads/programming/golang/ProjectTemplateBE/cmd/start_rest.go|87|POST /test/files/upload
2025-07-27 01:52:44|-1|-1|INFO|C:/Users/MeGaNeKo/Downloads/programming/golang/ProjectTemplateBE/cmd/start_rest.go|87|GET,POST /test/items/
2025-07-27 01:52:44|-1|-1|INFO|C:/Users/MeGaNeKo/Downloads/programming/golang/ProjectTemplateBE/cmd/start_rest.go|87|DELETE,GET,PUT /test/items/{id:[0-9]+}
2025-07-27 01:52:44|-1|-1|INFO|C:/Users/MeGaNeKo/Downloads/programming/golang/ProjectTemplateBE/cmd/start_rest.go|87|GET /test/system/crash
2025-07-27 01:52:44|-1|-1|INFO|C:/Users/MeGaNeKo/Downloads/programming/golang/ProjectTemplateBE/cmd/start_rest.go|87|GET /test/system/echo
2025-07-27 01:52:44|-1|-1|INFO|C:/Users/MeGaNeKo/Downloads/programming/golang/ProjectTemplateBE/cmd/start_rest.go|87|GET /test/system/long
2025-07-27 01:52:44|-1|-1|INFO|C:/Users/MeGaNeKo/Downloads/programming/golang/ProjectTemplateBE/cmd/start_rest.go|196|Starting server at [::]:8080
2025-07-27 01:52:50|-1|-1|INFO|C:/Users/MeGaNeKo/Downloads/programming/golang/ProjectTemplateBE/cmd/start_rest.go|58|Failed to start the server: accept tcp [::]:8080: use of closed network connection
2025-07-27 01:52:57|-1|-1|INFO|C:/Users/MeGaNeKo/Downloads/programming/golang/ProjectTemplateBE/cmd/start_rest.go|138|Registered routes:
2025-07-27 01:52:57|-1|-1|INFO|C:/Users/MeGaNeKo/Downloads/programming/golang/ProjectTemplateBE/cmd/start_rest.go|87|CONNECT,DELETE,GET,HEAD,OPTIONS,PATCH,POST,PUT,TRACE /test/docs/*
2025-07-27 01:52:57|-1|-1|INFO|C:/Users/MeGaNeKo/Downloads/programming/golang/ProjectTemplateBE/cmd/start_rest.go|87|GET /test/files/download
2025-07-27 01:52:57|-1|-1|INFO|C:/Users/MeGaNeKo/Downloads/programming/golang/ProjectTemplateBE/cmd/start_rest.go|87|POST /test/files/form
2025-07-27 01:52:57|-1|-1|INFO|C:/Users/MeGaNeKo/Downloads/programming/golang/ProjectTemplateBE/cmd/start_rest.go|87|POST /test/files/upload
2025-07-27 01:52:57|-1|-1|INFO|C:/Users/MeGaNeKo/Downloads/programming/golang/ProjectTemplateBE/cmd/start_rest.go|87|GET,POST /test/items/
2025-07-27 01:52:57|-1|-1|INFO|C:/Users/MeGaNeKo/Downloads/programming/golang/ProjectTemplateBE/cmd/start_rest.go|87|DELETE,GET,PUT /test/items/{id:[0-9]+}
2025-07-27 01:52:57|-1|-1|INFO|C:/Users/MeGaNeKo/Downloads/programming/golang/ProjectTemplateBE/cmd/start_rest.go|87|GET /test/system/crash
2025-07-27 01:52:57|-1|-1|INFO|C:/Users/MeGaNeKo/Downloads/programming/golang/ProjectTemplateBE/cmd/start_rest.go|87|GET /test/system/echo
2025-07-27 01:52:57|-1|-1|INFO|C:/Users/MeGaNeKo/Downloads/programming/golang/ProjectTemplateBE/cmd/start_rest.go|87|GET /test/system/long
2025-07-27 01:52:57|-1|-1|INFO|C:/Users/MeGaNeKo/Downloads/programming/golang/ProjectTemplateBE/cmd/start_rest.go|196|Starting server at [::]:8080
2025-07-27 03:04:33|-1|-1|INFO|C:/Users/MeGaNeKo/Downloads/programming/golang/ProjectTemplateBE/cmd/start_rest.go|220|Shutting down the server (via panic or signal)
2025-07-27 03:04:33|-1|-1|INFO|C:/Users/MeGaNeKo/Downloads/programming/golang/ProjectTemplateBE/cmd/start_rest.go|58|Failed to start the server: accept tcp [::]:8080: use of closed network connection
2025-07-27 03:04:36|-1|-1|INFO|C:/Users/MeGaNeKo/Downloads/programming/golang/ProjectTemplateBE/infrastructure/db/db.init.go|97|Successfully connected to database
2025-07-27 03:04:47|-1|-1|INFO|C:/Users/MeGaNeKo/Downloads/programming/golang/ProjectTemplateBE/infrastructure/db/db.init.go|97|Successfully connected to database
2025-07-27 03:04:47|-1|-1|INFO|C:/Users/MeGaNeKo/Downloads/programming/golang/ProjectTemplateBE/cmd/start_rest.go|138|Registered routes:
2025-07-27 03:04:47|-1|-1|INFO|C:/Users/MeGaNeKo/Downloads/programming/golang/ProjectTemplateBE/cmd/start_rest.go|87|CONNECT,DELETE,GET,HEAD,OPTIONS,PATCH,POST,PUT,TRACE /test/docs/*
2025-07-27 03:04:47|-1|-1|INFO|C:/Users/MeGaNeKo/Downloads/programming/golang/ProjectTemplateBE/cmd/start_rest.go|87|GET /test/files/download
2025-07-27 03:04:47|-1|-1|INFO|C:/Users/MeGaNeKo/Downloads/programming/golang/ProjectTemplateBE/cmd/start_rest.go|87|POST /test/files/form
2025-07-27 03:04:47|-1|-1|INFO|C:/Users/MeGaNeKo/Downloads/programming/golang/ProjectTemplateBE/cmd/start_rest.go|87|POST /test/files/upload
2025-07-27 03:04:47|-1|-1|INFO|C:/Users/MeGaNeKo/Downloads/programming/golang/ProjectTemplateBE/cmd/start_rest.go|87|GET,POST /test/items/
2025-07-27 03:04:47|-1|-1|INFO|C:/Users/MeGaNeKo/Downloads/programming/golang/ProjectTemplateBE/cmd/start_rest.go|87|DELETE,GET,PUT /test/items/{id:[0-9]+}
2025-07-27 03:04:47|-1|-1|INFO|C:/Users/MeGaNeKo/Downloads/programming/golang/ProjectTemplateBE/cmd/start_rest.go|87|GET /test/system/crash
2025-07-27 03:04:47|-1|-1|INFO|C:/Users/MeGaNeKo/Downloads/programming/golang/ProjectTemplateBE/cmd/start_rest.go|87|GET /test/system/echo
2025-07-27 03:04:47|-1|-1|INFO|C:/Users/MeGaNeKo/Downloads/programming/golang/ProjectTemplateBE/cmd/start_rest.go|87|GET /test/system/long
2025-07-27 03:04:47|-1|-1|INFO|C:/Users/MeGaNeKo/Downloads/programming/golang/ProjectTemplateBE/cmd/start_rest.go|196|Starting server at [::]:8080
2025-07-27 12:10:53|-1|-1|INFO|C:/Users/MeGaNeKo/Downloads/programming/golang/ProjectTemplateBE/cmd/start_rest.go|220|Shutting down the server (via panic or signal)
2025-07-27 12:10:53|-1|-1|INFO|C:/Users/MeGaNeKo/Downloads/programming/golang/ProjectTemplateBE/cmd/start_rest.go|58|Failed to start the server: accept tcp [::]:8080: use of closed network connection
2025-07-27 18:09:53|-1|-1|FATAL|C:/Users/MeGaNeKo/Downloads/programming/golang/ProjectTemplateBE/infrastructure/db/db.init.go|90|Lost connection to database: dial tcp 10.10.4.23:3306: connectex: A connection attempt failed because the connected party did not properly respond after a period of time, or established connection failed because connected host has failed to respond.
2025-07-27 18:09:53|-1|-1|INFO|C:/Users/MeGaNeKo/Downloads/programming/golang/ProjectTemplateBE/infrastructure/db/db.init.go|97|Successfully connected to database
2025-07-27 18:09:57|-1|-1|INFO|C:/Users/MeGaNeKo/Downloads/programming/golang/ProjectTemplateBE/infrastructure/db/db.init.go|97|Successfully connected to database
2025-07-27 18:09:57|-1|-1|INFO|C:/Users/MeGaNeKo/Downloads/programming/golang/ProjectTemplateBE/cmd/start_rest.go|138|Registered routes:
2025-07-27 18:09:57|-1|-1|INFO|C:/Users/MeGaNeKo/Downloads/programming/golang/ProjectTemplateBE/cmd/start_rest.go|87|CONNECT,DELETE,GET,HEAD,OPTIONS,PATCH,POST,PUT,TRACE /test/docs/*
2025-07-27 18:09:57|-1|-1|INFO|C:/Users/MeGaNeKo/Downloads/programming/golang/ProjectTemplateBE/cmd/start_rest.go|87|GET /test/files/download
2025-07-27 18:09:57|-1|-1|INFO|C:/Users/MeGaNeKo/Downloads/programming/golang/ProjectTemplateBE/cmd/start_rest.go|87|POST /test/files/form
2025-07-27 18:09:57|-1|-1|INFO|C:/Users/MeGaNeKo/Downloads/programming/golang/ProjectTemplateBE/cmd/start_rest.go|87|POST /test/files/upload
2025-07-27 18:09:57|-1|-1|INFO|C:/Users/MeGaNeKo/Downloads/programming/golang/ProjectTemplateBE/cmd/start_rest.go|87|GET,POST /test/items/
2025-07-27 18:09:57|-1|-1|INFO|C:/Users/MeGaNeKo/Downloads/programming/golang/ProjectTemplateBE/cmd/start_rest.go|87|DELETE,GET,PUT /test/items/{id:[0-9]+}
2025-07-27 18:09:57|-1|-1|INFO|C:/Users/MeGaNeKo/Downloads/programming/golang/ProjectTemplateBE/cmd/start_rest.go|87|GET /test/system/crash
2025-07-27 18:09:57|-1|-1|INFO|C:/Users/MeGaNeKo/Downloads/programming/golang/ProjectTemplateBE/cmd/start_rest.go|87|GET /test/system/echo
2025-07-27 18:09:57|-1|-1|INFO|C:/Users/MeGaNeKo/Downloads/programming/golang/ProjectTemplateBE/cmd/start_rest.go|87|GET /test/system/long
2025-07-27 18:09:57|-1|-1|INFO|C:/Users/MeGaNeKo/Downloads/programming/golang/ProjectTemplateBE/cmd/start_rest.go|196|Starting server at [::]:8080
2025-07-27 19:19:46|-1|-1|INFO|C:/Users/MeGaNeKo/Downloads/programming/golang/ProjectTemplateBE/cmd/start_rest.go|220|Shutting down the server (via panic or signal)
2025-07-27 19:19:46|-1|-1|INFO|C:/Users/MeGaNeKo/Downloads/programming/golang/ProjectTemplateBE/cmd/start_rest.go|58|Failed to start the server: accept tcp [::]:8080: use of closed network connection
